Archive member included to satisfy reference by file (symbol)

D:/STMCubeIDE/STM32CubeIDE_1.16.0/STM32CubeIDE/plugins/com.st.stm32cube.ide.mcu.externaltools.gnu-tools-for-stm32.12.3.rel1.win32_1.0.200.202406191623/tools/bin/../lib/gcc/arm-none-eabi/12.3.1/../../../../arm-none-eabi/lib/thumb/v7e-m+fp/hard\libc_nano.a(libc_a-exit.o)
                              D:/STMCubeIDE/STM32CubeIDE_1.16.0/STM32CubeIDE/plugins/com.st.stm32cube.ide.mcu.externaltools.gnu-tools-for-stm32.12.3.rel1.win32_1.0.200.202406191623/tools/bin/../lib/gcc/arm-none-eabi/12.3.1/../../../../arm-none-eabi/lib/thumb/v7e-m+fp/hard/crt0.o (exit)
D:/STMCubeIDE/STM32CubeIDE_1.16.0/STM32CubeIDE/plugins/com.st.stm32cube.ide.mcu.externaltools.gnu-tools-for-stm32.12.3.rel1.win32_1.0.200.202406191623/tools/bin/../lib/gcc/arm-none-eabi/12.3.1/../../../../arm-none-eabi/lib/thumb/v7e-m+fp/hard\libc_nano.a(libc_a-findfp.o)
                              D:/STMCubeIDE/STM32CubeIDE_1.16.0/STM32CubeIDE/plugins/com.st.stm32cube.ide.mcu.externaltools.gnu-tools-for-stm32.12.3.rel1.win32_1.0.200.202406191623/tools/bin/../lib/gcc/arm-none-eabi/12.3.1/../../../../arm-none-eabi/lib/thumb/v7e-m+fp/hard\libc_nano.a(libc_a-exit.o) (__stdio_exit_handler)
D:/STMCubeIDE/STM32CubeIDE_1.16.0/STM32CubeIDE/plugins/com.st.stm32cube.ide.mcu.externaltools.gnu-tools-for-stm32.12.3.rel1.win32_1.0.200.202406191623/tools/bin/../lib/gcc/arm-none-eabi/12.3.1/../../../../arm-none-eabi/lib/thumb/v7e-m+fp/hard\libc_nano.a(libc_a-fwalk.o)
                              D:/STMCubeIDE/STM32CubeIDE_1.16.0/STM32CubeIDE/plugins/com.st.stm32cube.ide.mcu.externaltools.gnu-tools-for-stm32.12.3.rel1.win32_1.0.200.202406191623/tools/bin/../lib/gcc/arm-none-eabi/12.3.1/../../../../arm-none-eabi/lib/thumb/v7e-m+fp/hard\libc_nano.a(libc_a-findfp.o) (_fwalk_sglue)
D:/STMCubeIDE/STM32CubeIDE_1.16.0/STM32CubeIDE/plugins/com.st.stm32cube.ide.mcu.externaltools.gnu-tools-for-stm32.12.3.rel1.win32_1.0.200.202406191623/tools/bin/../lib/gcc/arm-none-eabi/12.3.1/../../../../arm-none-eabi/lib/thumb/v7e-m+fp/hard\libc_nano.a(libc_a-stdio.o)
                              D:/STMCubeIDE/STM32CubeIDE_1.16.0/STM32CubeIDE/plugins/com.st.stm32cube.ide.mcu.externaltools.gnu-tools-for-stm32.12.3.rel1.win32_1.0.200.202406191623/tools/bin/../lib/gcc/arm-none-eabi/12.3.1/../../../../arm-none-eabi/lib/thumb/v7e-m+fp/hard\libc_nano.a(libc_a-findfp.o) (__sread)
D:/STMCubeIDE/STM32CubeIDE_1.16.0/STM32CubeIDE/plugins/com.st.stm32cube.ide.mcu.externaltools.gnu-tools-for-stm32.12.3.rel1.win32_1.0.200.202406191623/tools/bin/../lib/gcc/arm-none-eabi/12.3.1/../../../../arm-none-eabi/lib/thumb/v7e-m+fp/hard\libc_nano.a(libc_a-memset.o)
                              D:/STMCubeIDE/STM32CubeIDE_1.16.0/STM32CubeIDE/plugins/com.st.stm32cube.ide.mcu.externaltools.gnu-tools-for-stm32.12.3.rel1.win32_1.0.200.202406191623/tools/bin/../lib/gcc/arm-none-eabi/12.3.1/../../../../arm-none-eabi/lib/thumb/v7e-m+fp/hard/crt0.o (memset)
D:/STMCubeIDE/STM32CubeIDE_1.16.0/STM32CubeIDE/plugins/com.st.stm32cube.ide.mcu.externaltools.gnu-tools-for-stm32.12.3.rel1.win32_1.0.200.202406191623/tools/bin/../lib/gcc/arm-none-eabi/12.3.1/../../../../arm-none-eabi/lib/thumb/v7e-m+fp/hard\libc_nano.a(libc_a-closer.o)
                              D:/STMCubeIDE/STM32CubeIDE_1.16.0/STM32CubeIDE/plugins/com.st.stm32cube.ide.mcu.externaltools.gnu-tools-for-stm32.12.3.rel1.win32_1.0.200.202406191623/tools/bin/../lib/gcc/arm-none-eabi/12.3.1/../../../../arm-none-eabi/lib/thumb/v7e-m+fp/hard\libc_nano.a(libc_a-stdio.o) (_close_r)
D:/STMCubeIDE/STM32CubeIDE_1.16.0/STM32CubeIDE/plugins/com.st.stm32cube.ide.mcu.externaltools.gnu-tools-for-stm32.12.3.rel1.win32_1.0.200.202406191623/tools/bin/../lib/gcc/arm-none-eabi/12.3.1/../../../../arm-none-eabi/lib/thumb/v7e-m+fp/hard\libc_nano.a(libc_a-reent.o)
                              D:/STMCubeIDE/STM32CubeIDE_1.16.0/STM32CubeIDE/plugins/com.st.stm32cube.ide.mcu.externaltools.gnu-tools-for-stm32.12.3.rel1.win32_1.0.200.202406191623/tools/bin/../lib/gcc/arm-none-eabi/12.3.1/../../../../arm-none-eabi/lib/thumb/v7e-m+fp/hard\libc_nano.a(libc_a-closer.o) (errno)
D:/STMCubeIDE/STM32CubeIDE_1.16.0/STM32CubeIDE/plugins/com.st.stm32cube.ide.mcu.externaltools.gnu-tools-for-stm32.12.3.rel1.win32_1.0.200.202406191623/tools/bin/../lib/gcc/arm-none-eabi/12.3.1/../../../../arm-none-eabi/lib/thumb/v7e-m+fp/hard\libc_nano.a(libc_a-impure.o)
                              D:/STMCubeIDE/STM32CubeIDE_1.16.0/STM32CubeIDE/plugins/com.st.stm32cube.ide.mcu.externaltools.gnu-tools-for-stm32.12.3.rel1.win32_1.0.200.202406191623/tools/bin/../lib/gcc/arm-none-eabi/12.3.1/../../../../arm-none-eabi/lib/thumb/v7e-m+fp/hard\libc_nano.a(libc_a-reent.o) (_impure_ptr)
D:/STMCubeIDE/STM32CubeIDE_1.16.0/STM32CubeIDE/plugins/com.st.stm32cube.ide.mcu.externaltools.gnu-tools-for-stm32.12.3.rel1.win32_1.0.200.202406191623/tools/bin/../lib/gcc/arm-none-eabi/12.3.1/../../../../arm-none-eabi/lib/thumb/v7e-m+fp/hard\libc_nano.a(libc_a-lseekr.o)
[...]
Memory Configuration

Name             Origin             Length             Attributes
RAM              0x20000000         0x00040000         xrw
FLASH            0x08000000         0x00080000         xr
*default*        0x00000000         0xffffffff

Linker script and memory map

LOAD D:/STMCubeIDE/STM32CubeIDE_1.16.0/STM32CubeIDE/plugins/com.st.stm32cube.ide.mcu.externaltools.gnu-tools-for-stm32.12.3.rel1.win32_1.0.200.202406191623/tools/bin/../lib/gcc/arm-none-eabi/12.3.1/thumb/v7e-m+fp/hard/crti.o
LOAD D:/STMCubeIDE/STM32CubeIDE_1.16.0/STM32CubeIDE/plugins/com.st.stm32cube.ide.mcu.externaltools.gnu-tools-for-stm32.12.3.rel1.win32_1.0.200.202406191623/tools/bin/../lib/gcc/arm-none-eabi/12.3.1/thumb/v7e-m+fp/hard/crtbegin.o
LOAD D:/STMCubeIDE/STM32CubeIDE_1.16.0/STM32CubeIDE/plugins/com.st.stm32cube.ide.mcu.externaltools.gnu-tools-for-stm32.12.3.rel1.win32_1.0.200.202406191623/tools/bin/../lib/gcc/arm-none-eabi/12.3.1/../../../../arm-none-eabi/lib/thumb/v7e-m+fp/hard/crt0.o
LOAD ./Core/Src/NRF_lib.o
LOAD ./Core/Src/gpio.o
LOAD ./Core/Src/main.o
LOAD ./Core/Src/spi.o
LOAD ./Core/Src/stm32f4xx_hal_msp.o
LOAD ./Core/Src/stm32f4xx_it.o
LOAD ./Core/Src/syscalls.o
LOAD ./Core/Src/sysmem.o
LOAD ./Core/Src/system_stm32f4xx.o
LOAD ./Core/Src/usart.o
LOAD ./Core/Startup/startup_stm32f412retx.o
LOAD ./Drivers/STM32F4xx_HAL_Driver/Src/stm32f4xx_hal.o
LOAD ./Drivers/STM32F4xx_HAL_Driver/Src/stm32f4xx_hal_cortex.o
LOAD ./Drivers/STM32F4xx_HAL_Driver/Src/stm32f4xx_hal_dma.o
LOAD ./Drivers/STM32F4xx_HAL_Driver/Src/stm32f4xx_hal_dma_ex.o
LOAD ./Drivers/STM32F4xx_HAL_Driver/Src/stm32f4xx_hal_exti.o
LOAD ./Drivers/STM32F4xx_HAL_Driver/Src/stm32f4xx_hal_flash.o
LOAD ./Drivers/STM32F4xx_HAL_Driver/Src/stm32f4xx_hal_flash_ex.o
LOAD ./Drivers/STM32F4xx_HAL_Driver/Src/stm32f4xx_hal_flash_ramfunc.o
LOAD ./Drivers/STM32F4xx_HAL_Driver/Src/stm32f4xx_hal_gpio.o
LOAD ./Drivers/STM32F4xx_HAL_Driver/Src/stm32f4xx_hal_pwr.o
LOAD ./Drivers/STM32F4xx_HAL_Driver/Src/stm32f4xx_hal_pwr_ex.o
LOAD ./Drivers/STM32F4xx_HAL_Driver/Src/stm32f4xx_hal_rcc.o
LOAD ./Drivers/STM32F4xx_HAL_Driver/Src/stm32f4xx_hal_rcc_ex.o
LOAD ./Drivers/STM32F4xx_HAL_Driver/Src/stm32f4xx_hal_spi.o
LOAD ./Drivers/STM32F4xx_HAL_Driver/Src/stm32f4xx_hal_tim.o
LOAD ./Drivers/STM32F4xx_HAL_Driver/Src/stm32f4xx_hal_tim_ex.o
LOAD ./Drivers/STM32F4xx_HAL_Driver/Src/stm32f4xx_hal_uart.o
START GROUP
LOAD D:/STMCubeIDE/STM32CubeIDE_1.16.0/STM32CubeIDE/plugins/com.st.stm32cube.ide.mcu.externaltools.gnu-tools-for-stm32.12.3.rel1.win32_1.0.200.202406191623/tools/bin/../lib/gcc/arm-none-eabi/12.3.1/../../../../arm-none-eabi/lib/thumb/v7e-m+fp/hard\libc_nano.a
LOAD D:/STMCubeIDE/STM32CubeIDE_1.16.0/STM32CubeIDE/plugins/com.st.stm32cube.ide.mcu.externaltools.gnu-tools-for-stm32.12.3.rel1.win32_1.0.200.202406191623/tools/bin/../lib/gcc/arm-none-eabi/12.3.1/../../../../arm-none-eabi/lib/thumb/v7e-m+fp/hard\libm.a
END GROUP
START GROUP
LOAD D:/STMCubeIDE/STM32CubeIDE_1.16.0/STM32CubeIDE/plugins/com.st.stm32cube.ide.mcu.externaltools.gnu-tools-for-stm32.12.3.rel1.win32_1.0.200.202406191623/tools/bin/../lib/gcc/arm-none-eabi/12.3.1/thumb/v7e-m+fp/hard\libgcc.a
LOAD D:/STMCubeIDE/STM32CubeIDE_1.16.0/STM32CubeIDE/plugins/com.st.stm32cube.ide.mcu.externaltools.gnu-tools-for-stm32.12.3.rel1.win32_1.0.200.202406191623/tools/bin/../lib/gcc/arm-none-eabi/12.3.1/../../../../arm-none-eabi/lib/thumb/v7e-m+fp/hard\libc_nano.a
END GROUP
START GROUP
LOAD D:/STMCubeIDE/STM32CubeIDE_1.16.0/STM32CubeIDE/plugins/com.st.stm32cube.ide.mcu.externaltools.gnu-tools-for-stm32.12.3.rel1.win32_1.0.200.202406191623/tools/bin/../lib/gcc/arm-none-eabi/12.3.1/thumb/v7e-m+fp/hard\libgcc.a
LOAD D:/STMCubeIDE/STM32CubeIDE_1.16.0/STM32CubeIDE/plugins/com.st.stm32cube.ide.mcu.externaltools.gnu-tools-for-stm32.12.3.rel1.win32_1.0.200.202406191623/tools/bin/../lib/gcc/arm-none-eabi/12.3.1/../../../../arm-none-eabi/lib/thumb/v7e-m+fp/hard\libc_nano.a
LOAD D:/STMCubeIDE/STM32CubeIDE_1.16.0/STM32CubeIDE/plugins/com.st.stm32cube.ide.mcu.externaltools.gnu-tools-for-stm32.12.3.rel1.win32_1.0.200.202406191623/tools/bin/../lib/gcc/arm-none-eabi/12.3.1/../../../../arm-none-eabi/lib/thumb/v7e-m+fp/hard\libnosys.a
END GROUP
START GROUP
LOAD D:/STMCubeIDE/STM32CubeIDE_1.16.0/STM32CubeIDE/plugins/com.st.stm32cube.ide.mcu.externaltools.gnu-tools-for-stm32.12.3.rel1.win32_1.0.200.202406191623/tools/bin/../lib/gcc/arm-none-eabi/12.3.1/thumb/v7e-m+fp/hard\libgcc.a
LOAD D:/STMCubeIDE/STM32CubeIDE_1.16.0/STM32CubeIDE/plugins/com.st.stm32cube.ide.mcu.externaltools.gnu-tools-for-stm32.12.3.rel1.win32_1.0.200.202406191623/tools/bin/../lib/gcc/arm-none-eabi/12.3.1/../../../../arm-none-eabi/lib/thumb/v7e-m+fp/hard\libc_nano.a
LOAD D:/STMCubeIDE/STM32CubeIDE_1.16.0/STM32CubeIDE/plugins/com.st.stm32cube.ide.mcu.externaltools.gnu-tools-for-stm32.12.3.rel1.win32_1.0.200.202406191623/tools/bin/../lib/gcc/arm-none-eabi/12.3.1/../../../../arm-none-eabi/lib/thumb/v7e-m+fp/hard\libnosys.a
END GROUP
LOAD D:/STMCubeIDE/STM32CubeIDE_1.16.0/STM32CubeIDE/plugins/com.st.stm32cube.ide.mcu.externaltools.gnu-tools-for-stm32.12.3.rel1.win32_1.0.200.202406191623/tools/bin/../lib/gcc/arm-none-eabi/12.3.1/thumb/v7e-m+fp/hard/crtend.o
LOAD D:/STMCubeIDE/STM32CubeIDE_1.16.0/STM32CubeIDE/plugins/com.st.stm32cube.ide.mcu.externaltools.gnu-tools-for-stm32.12.3.rel1.win32_1.0.200.202406191623/tools/bin/../lib/gcc/arm-none-eabi/12.3.1/thumb/v7e-m+fp/hard/crtn.o
                0x20040000                        _estack = (ORIGIN (RAM) + LENGTH (RAM))
                0x00000200                        _Min_Heap_Size = 0x200
                0x00000400                        _Min_Stack_Size = 0x400

.isr_vector     0x08000000      0x1c4
                0x08000000                        . = ALIGN (0x4)
 *(.isr_vector)
 .isr_vector    0x08000000      0x1c4 ./Core/Startup/startup_stm32f412retx.o
                0x08000000                g_pfnVectors
                0x080001c4                        . = ALIGN (0x4)

.text           0x080001c4     0x2b38
                0x080001c4                        . = ALIGN (0x4)
 *(.text)
 .text          0x080001c4       0x40 D:/STMCubeIDE/STM32CubeIDE_1.16.0/STM32CubeIDE/plugins/com.st.stm32cube.ide.mcu.externaltools.gnu-tools-for-stm32.12.3.rel1.win32_1.0.200.202406191623/tools/bin/../lib/gcc/arm-none-eabi/12.3.1/thumb/v7e-m+fp/hard/crtbegin.o
 .text          0x08000204       0x30 D:/STMCubeIDE/STM32CubeIDE_1.16.0/STM32CubeIDE/plugins/com.st.stm32cube.ide.mcu.externaltools.gnu-tools-for-stm32.12.3.rel1.win32_1.0.200.202406191623/tools/bin/../lib/gcc/arm-none-eabi/12.3.1/thumb/v7e-m+fp/hard\libgcc.a(_aeabi_uldivmod.o)
                0x08000204                __aeabi_uldivmod
 .text          0x08000234      0x2bc D:/STMCubeIDE/STM32CubeIDE_1.16.0/STM32CubeIDE/plugins/com.st.stm32cube.ide.mcu.externaltools.gnu-tools-for-stm32.12.3.rel1.win32_1.0.200.202406191623/tools/bin/../lib/gcc/arm-none-eabi/12.3.1/thumb/v7e-m+fp/hard\libgcc.a(_udivmoddi4.o)
                0x08000234                __udivmoddi4
 .text          0x080004f0        0x4 D:/STMCubeIDE/STM32CubeIDE_1.16.0/STM32CubeIDE/plugins/com.st.stm32cube.ide.mcu.externaltools.gnu-tools-for-stm32.12.3.rel1.win32_1.0.200.202406191623/tools/bin/../lib/gcc/arm-none-eabi/12.3.1/thumb/v7e-m+fp/hard\libgcc.a(_dvmd_tls.o)
                0x080004f0                __aeabi_idiv0
                0x080004f0                __aeabi_ldiv0
 *(.text*)
 .text.CS_Select
                0x080004f4       0x18 ./Core/Src/NRF_lib.o
                0x080004f4                CS_Select
 .text.CS_UnSelect
                0x0800050c       0x18 ./Core/Src/NRF_lib.o
                0x0800050c                CS_UnSelect
 .text.CE_Enable
                0x08000524       0x18 ./Core/Src/NRF_lib.o
                0x08000524                CE_Enable
 .text.CE_Disable
                0x0800053c       0x18 ./Core/Src/NRF_lib.o
                0x0800053c                CE_Disable
 .text.nrf24_WriteReg
                0x08000554       0x44 ./Core/Src/NRF_lib.o
                0x08000554                nrf24_WriteReg
 .text.nrf24_WriteReg_Multi
                0x08000598       0x4c ./Core/Src/NRF_lib.o
                0x08000598                nrf24_WriteReg_Multi
 .text.nrf24_ReadReg
                0x080005e4       0x40 ./Core/Src/NRF_lib.o
                0x080005e4                nrf24_ReadReg
 .text.NRF24_Init
                0x08000624       0x48 ./Core/Src/NRF_lib.o
                0x08000624                NRF24_Init
 .text.NRF24_RxMode
                0x0800066c       0x70 ./Core/Src/NRF_lib.o
                0x0800066c                NRF24_RxMode
 .text.isDataAvailable
                0x080006dc       0x3e ./Core/Src/NRF_lib.o
                0x080006dc                isDataAvailable
 *fill*         0x0800071a        0x2 
 .text.NRF24_Receive
                0x0800071c       0x5c ./Core/Src/NRF_lib.o
                0x0800071c                NRF24_Receive
 .text.MX_GPIO_Init
                0x08000778       0xcc ./Core/Src/gpio.o
                0x08000778                MX_GPIO_Init
 .text.main     0x08000844       0x60 ./Core/Src/main.o
                0x08000844                main
 .text.SystemClock_Config
                0x080008a4       0xbc ./Core/Src/main.o
                0x080008a4                SystemClock_Config
 .text.Error_Handler
                0x08000960        0xc ./Core/Src/main.o
                0x08000960                Error_Handler
 .text.MX_SPI1_Init
                0x0800096c       0x6c ./Core/Src/spi.o
                0x0800096c                MX_SPI1_Init
 .text.HAL_SPI_MspInit
                0x080009d8       0x90 ./Core/Src/spi.o
                0x080009d8                HAL_SPI_MspInit
 .text.HAL_MspInit
                0x08000a68       0x50 ./Core/Src/stm32f4xx_hal_msp.o
                0x08000a68                HAL_MspInit
 .text.NMI_Handler
                0x08000ab8        0x8 ./Core/Src/stm32f4xx_it.o
                0x08000ab8                NMI_Handler
 .text.HardFault_Handler
                0x08000ac0        0x8 ./Core/Src/stm32f4xx_it.o
                0x08000ac0                HardFault_Handler
 .text.MemManage_Handler
                0x08000ac8        0x8 ./Core/Src/stm32f4xx_it.o
                0x08000ac8                MemManage_Handler
 .text.BusFault_Handler
                0x08000ad0        0x8 ./Core/Src/stm32f4xx_it.o
                0x08000ad0                BusFault_Handler
 .text.UsageFault_Handler
                0x08000ad8        0x8 ./Core/Src/stm32f4xx_it.o
                0x08000ad8                UsageFault_Handler
 .text.SVC_Handler
                0x08000ae0        0xe ./Core/Src/stm32f4xx_it.o
                0x08000ae0                SVC_Handler
 .text.DebugMon_Handler
                0x08000aee        0xe ./Core/Src/stm32f4xx_it.o
                0x08000aee                DebugMon_Handler
 .text.PendSV_Handler
                0x08000afc        0xe ./Core/Src/stm32f4xx_it.o
                0x08000afc                PendSV_Handler
 .text.SysTick_Handler
                0x08000b0a        0xc ./Core/Src/stm32f4xx_it.o
                0x08000b0a                SysTick_Handler
 *fill*         0x08000b16        0x2 
 .text.SystemInit
                0x08000b18       0x24 ./Core/Src/system_stm32f4xx.o
                0x08000b18                SystemInit
 .text.MX_USART2_UART_Init
                0x08000b3c       0x54 ./Core/Src/usart.o
                0x08000b3c                MX_USART2_UART_Init
 .text.HAL_UART_MspInit
                0x08000b90       0x90 ./Core/Src/usart.o
                0x08000b90                HAL_UART_MspInit
 .text.Reset_Handler
                0x08000c20       0x50 ./Core/Startup/startup_stm32f412retx.o
                0x08000c20                Reset_Handler
 .text.Default_Handler
                0x08000c70        0x2 ./Core/Startup/startup_stm32f412retx.o
                0x08000c70                RTC_Alarm_IRQHandler
                0x08000c70                EXTI2_IRQHandler
                0x08000c70                TIM8_CC_IRQHandler
                0x08000c70                FMPI2C1_EV_IRQHandler
                0x08000c70                SPI4_IRQHandler
                0x08000c70                TIM1_CC_IRQHandler
                0x08000c70                DMA2_Stream5_IRQHandler
                0x08000c70                DMA1_Stream5_IRQHandler
                0x08000c70                TIM6_IRQHandler
                0x08000c70                PVD_IRQHandler
                0x08000c70                SDIO_IRQHandler
                0x08000c70                TAMP_STAMP_IRQHandler
                0x08000c70                CAN2_RX1_IRQHandler
                0x08000c70                EXTI3_IRQHandler
                0x08000c70                TIM8_TRG_COM_TIM14_IRQHandler
                0x08000c70                DFSDM1_FLT1_IRQHandler
                0x08000c70                TIM1_UP_TIM10_IRQHandler
                0x08000c70                TIM8_UP_TIM13_IRQHandler
                0x08000c70                I2C3_ER_IRQHandler
                0x08000c70                EXTI0_IRQHandler
                0x08000c70                I2C2_EV_IRQHandler
                0x08000c70                DMA1_Stream2_IRQHandler
                0x08000c70                CAN1_RX0_IRQHandler
                0x08000c70                FPU_IRQHandler
                0x08000c70                CAN2_SCE_IRQHandler
                0x08000c70                DMA2_Stream2_IRQHandler
                0x08000c70                SPI1_IRQHandler
                0x08000c70                TIM1_BRK_TIM9_IRQHandler
                0x08000c70                CAN2_RX0_IRQHandler
                0x08000c70                DMA2_Stream3_IRQHandler
                0x08000c70                USART6_IRQHandler
                0x08000c70                USART3_IRQHandler
                0x08000c70                CAN1_RX1_IRQHandler
                0x08000c70                DMA2_Stream0_IRQHandler
                0x08000c70                TIM4_IRQHandler
                0x08000c70                QUADSPI_IRQHandler
                0x08000c70                I2C1_EV_IRQHandler
                0x08000c70                DMA1_Stream6_IRQHandler
                0x08000c70                DMA1_Stream1_IRQHandler
                0x08000c70                TIM3_IRQHandler
                0x08000c70                RCC_IRQHandler
                0x08000c70                TIM8_BRK_TIM12_IRQHandler
                0x08000c70                Default_Handler
                0x08000c70                EXTI15_10_IRQHandler
                0x08000c70                ADC_IRQHandler
                0x08000c70                DMA1_Stream7_IRQHandler
                0x08000c70                SPI5_IRQHandler
                0x08000c70                TIM7_IRQHandler
                0x08000c70                CAN2_TX_IRQHandler
                0x08000c70                TIM5_IRQHandler
                0x08000c70                DMA2_Stream7_IRQHandler
                0x08000c70                I2C3_EV_IRQHandler
                0x08000c70                EXTI9_5_IRQHandler
                0x08000c70                RTC_WKUP_IRQHandler
                0x08000c70                SPI2_IRQHandler
                0x08000c70                DMA1_Stream0_IRQHandler
                0x08000c70                CAN1_TX_IRQHandler
                0x08000c70                FMPI2C1_ER_IRQHandler
                0x08000c70                EXTI4_IRQHandler
                0x08000c70                RNG_IRQHandler
                0x08000c70                WWDG_IRQHandler
                0x08000c70                TIM2_IRQHandler
                0x08000c70                OTG_FS_WKUP_IRQHandler
                0x08000c70                TIM1_TRG_COM_TIM11_IRQHandler
                0x08000c70                EXTI1_IRQHandler
                0x08000c70                USART2_IRQHandler
                0x08000c70                DFSDM1_FLT0_IRQHandler
                0x08000c70                I2C2_ER_IRQHandler
                0x08000c70                DMA2_Stream1_IRQHandler
                0x08000c70                CAN1_SCE_IRQHandler
                0x08000c70                FLASH_IRQHandler
                0x08000c70                DMA2_Stream4_IRQHandler
                0x08000c70                USART1_IRQHandler
                0x08000c70                OTG_FS_IRQHandler
                0x08000c70                SPI3_IRQHandler
                0x08000c70                DMA1_Stream4_IRQHandler
                0x08000c70                I2C1_ER_IRQHandler
                0x08000c70                DMA2_Stream6_IRQHandler
                0x08000c70                DMA1_Stream3_IRQHandler
 *fill*         0x08000c72        0x2 
 .text.HAL_Init
                0x08000c74       0x44 ./Drivers/STM32F4xx_HAL_Driver/Src/stm32f4xx_hal.o
                0x08000c74                HAL_Init
 .text.HAL_InitTick
                0x08000cb8       0x60 ./Drivers/STM32F4xx_HAL_Driver/Src/stm32f4xx_hal.o
                0x08000cb8                HAL_InitTick
 .text.HAL_IncTick
                0x08000d18       0x28 ./Drivers/STM32F4xx_HAL_Driver/Src/stm32f4xx_hal.o
                0x08000d18                HAL_IncTick
 .text.HAL_GetTick
                0x08000d40       0x18 ./Drivers/STM32F4xx_HAL_Driver/Src/stm32f4xx_hal.o
                0x08000d40                HAL_GetTick
 .text.HAL_Delay
                0x08000d58       0x48 ./Drivers/STM32F4xx_HAL_Driver/Src/stm32f4xx_hal.o
                0x08000d58                HAL_Delay
 .text.__NVIC_SetPriorityGrouping
                0x08000da0       0x48 ./Drivers/STM32F4xx_HAL_Driver/Src/stm32f4xx_hal_cortex.o
 .text.__NVIC_GetPriorityGrouping
                0x08000de8       0x1c ./Drivers/STM32F4xx_HAL_Driver/Src/stm32f4xx_hal_cortex.o
 .text.__NVIC_SetPriority
                0x08000e04       0x54 ./Drivers/STM32F4xx_HAL_Driver/Src/stm32f4xx_hal_cortex.o
 .text.NVIC_EncodePriority
                0x08000e58       0x66 ./Drivers/STM32F4xx_HAL_Driver/Src/stm32f4xx_hal_cortex.o
 *fill*         0x08000ebe        0x2 
 .text.SysTick_Config
                0x08000ec0       0x44 ./Drivers/STM32F4xx_HAL_Driver/Src/stm32f4xx_hal_cortex.o
 .text.HAL_NVIC_SetPriorityGrouping
                0x08000f04       0x16 ./Drivers/STM32F4xx_HAL_Driver/Src/stm32f4xx_hal_cortex.o
                0x08000f04                HAL_NVIC_SetPriorityGrouping
 .text.HAL_NVIC_SetPriority
                0x08000f1a       0x38 ./Drivers/STM32F4xx_HAL_Driver/Src/stm32f4xx_hal_cortex.o
                0x08000f1a                HAL_NVIC_SetPriority
 .text.HAL_SYSTICK_Config
                0x08000f52       0x18 ./Drivers/STM32F4xx_HAL_Driver/Src/stm32f4xx_hal_cortex.o
                0x08000f52                HAL_SYSTICK_Config
 *fill*         0x08000f6a        0x2 
 .text.HAL_GPIO_Init
                0x08000f6c      0x2f8 ./Drivers/STM32F4xx_HAL_Driver/Src/stm32f4xx_hal_gpio.o
                0x08000f6c                HAL_GPIO_Init
 .text.HAL_GPIO_WritePin
                0x08001264       0x32 ./Drivers/STM32F4xx_HAL_Driver/Src/stm32f4xx_hal_gpio.o
                0x08001264                HAL_GPIO_WritePin
 *fill*         0x08001296        0x2 
 .text.HAL_RCC_ClockConfig
                0x08001298      0x1cc ./Drivers/STM32F4xx_HAL_Driver/Src/stm32f4xx_hal_rcc.o
                0x08001298                HAL_RCC_ClockConfig
 .text.HAL_RCC_GetSysClockFreq
                0x08001464      0x18c ./Drivers/STM32F4xx_HAL_Driver/Src/stm32f4xx_hal_rcc.o
                0x08001464                HAL_RCC_GetSysClockFreq
 .text.HAL_RCC_GetHCLKFreq
                0x080015f0       0x18 ./Drivers/STM32F4xx_HAL_Driver/Src/stm32f4xx_hal_rcc.o
                0x080015f0                HAL_RCC_GetHCLKFreq
 .text.HAL_RCC_GetPCLK1Freq
                0x08001608       0x28 ./Drivers/STM32F4xx_HAL_Driver/Src/stm32f4xx_hal_rcc.o
                0x08001608                HAL_RCC_GetPCLK1Freq
 .text.HAL_RCC_GetPCLK2Freq
                0x08001630       0x28 ./Drivers/STM32F4xx_HAL_Driver/Src/stm32f4xx_hal_rcc.o
                0x08001630                HAL_RCC_GetPCLK2Freq
 .text.HAL_RCC_OscConfig
                0x08001658      0x508 ./Drivers/STM32F4xx_HAL_Driver/Src/stm32f4xx_hal_rcc_ex.o
                0x08001658                HAL_RCC_OscConfig
 .text.HAL_SPI_Init
                0x08001b60      0x112 ./Drivers/STM32F4xx_HAL_Driver/Src/stm32f4xx_hal_spi.o
                0x08001b60                HAL_SPI_Init
 .text.HAL_SPI_Transmit
                0x08001c72      0x288 ./Drivers/STM32F4xx_HAL_Driver/Src/stm32f4xx_hal_spi.o
                0x08001c72                HAL_SPI_Transmit
 .text.HAL_SPI_Receive
                0x08001efa      0x232 ./Drivers/STM32F4xx_HAL_Driver/Src/stm32f4xx_hal_spi.o
                0x08001efa                HAL_SPI_Receive
 .text.HAL_SPI_TransmitReceive
                0x0800212c      0x352 ./Drivers/STM32F4xx_HAL_Driver/Src/stm32f4xx_hal_spi.o
                0x0800212c                HAL_SPI_TransmitReceive
 *fill*         0x0800247e        0x2 
 .text.SPI_WaitFlagStateUntilTimeout
                0x08002480      0x110 ./Drivers/STM32F4xx_HAL_Driver/Src/stm32f4xx_hal_spi.o
 .text.SPI_EndRxTransaction
                0x08002590       0xca ./Drivers/STM32F4xx_HAL_Driver/Src/stm32f4xx_hal_spi.o
 *fill*         0x0800265a        0x2 
 .text.SPI_EndRxTxTransaction
                0x0800265c       0xa8 ./Drivers/STM32F4xx_HAL_Driver/Src/stm32f4xx_hal_spi.o
 .text.HAL_UART_Init
                0x08002704       0xa0 ./Drivers/STM32F4xx_HAL_Driver/Src/stm32f4xx_hal_uart.o
                0x08002704                HAL_UART_Init
 .text.UART_SetConfig
                0x080027a4      0x4e8 ./Drivers/STM32F4xx_HAL_Driver/Src/stm32f4xx_hal_uart.o
 .text.memset   0x08002c8c       0x10 D:/STMCubeIDE/STM32CubeIDE_1.16.0/STM32CubeIDE/plugins/com.st.stm32cube.ide.mcu.externaltools.gnu-tools-for-stm32.12.3.rel1.win32_1.0.200.202406191623/tools/bin/../lib/gcc/arm-none-eabi/12.3.1/../../../../arm-none-eabi/lib/thumb/v7e-m+fp/hard\libc_nano.a(libc_a-memset.o)
                0x08002c8c                memset
 .text.__libc_init_array
                0x08002c9c       0x48 D:/STMCubeIDE/STM32CubeIDE_1.16.0/STM32CubeIDE/plugins/com.st.stm32cube.ide.mcu.externaltools.gnu-tools-for-stm32.12.3.rel1.win32_1.0.200.202406191623/tools/bin/../lib/gcc/arm-none-eabi/12.3.1/../../../../arm-none-eabi/lib/thumb/v7e-m+fp/hard\libc_nano.a(libc_a-init.o)
                0x08002c9c                __libc_init_array
 *(.glue_7)
 .glue_7        0x08002ce4        0x0 linker stubs
 *(.glue_7t)
 .glue_7t       0x08002ce4        0x0 linker stubs
 *(.eh_frame)
 .eh_frame      0x08002ce4        0x0 D:/STMCubeIDE/STM32CubeIDE_1.16.0/STM32CubeIDE/plugins/com.st.stm32cube.ide.mcu.externaltools.gnu-tools-for-stm32.12.3.rel1.win32_1.0.200.202406191623/tools/bin/../lib/gcc/arm-none-eabi/12.3.1/thumb/v7e-m+fp/hard/crtbegin.o
 *(.init)
 .init          0x08002ce4        0x4 D:/STMCubeIDE/STM32CubeIDE_1.16.0/STM32CubeIDE/plugins/com.st.stm32cube.ide.mcu.externaltools.gnu-tools-for-stm32.12.3.rel1.win32_1.0.200.202406191623/tools/bin/../lib/gcc/arm-none-eabi/12.3.1/thumb/v7e-m+fp/hard/crti.o
                0x08002ce4                _init
 .init          0x08002ce8        0x8 D:/STMCubeIDE/STM32CubeIDE_1.16.0/STM32CubeIDE/plugins/com.st.stm32cube.ide.mcu.externaltools.gnu-tools-for-stm32.12.3.rel1.win32_1.0.200.202406191623/tools/bin/../lib/gcc/arm-none-eabi/12.3.1/thumb/v7e-m+fp/hard/crtn.o
 *(.fini)
 .fini          0x08002cf0        0x4 D:/STMCubeIDE/STM32CubeIDE_1.16.0/STM32CubeIDE/plugins/com.st.stm32cube.ide.mcu.externaltools.gnu-tools-for-stm32.12.3.rel1.win32_1.0.200.202406191623/tools/bin/../lib/gcc/arm-none-eabi/12.3.1/thumb/v7e-m+fp/hard/crti.o
                0x08002cf0                _fini
 .fini          0x08002cf4        0x8 D:/STMCubeIDE/STM32CubeIDE_1.16.0/STM32CubeIDE/plugins/com.st.stm32cube.ide.mcu.externaltools.gnu-tools-for-stm32.12.3.rel1.win32_1.0.200.202406191623/tools/bin/../lib/gcc/arm-none-eabi/12.3.1/thumb/v7e-m+fp/hard/crtn.o
                0x08002cfc                        . = ALIGN (0x4)
                0x08002cfc                        _etext = .

.vfp11_veneer   0x08002cfc        0x0
 .vfp11_veneer  0x08002cfc        0x0 linker stubs

.v4_bx          0x08002cfc        0x0
 .v4_bx         0x08002cfc        0x0 linker stubs

.iplt           0x08002cfc        0x0
 .iplt          0x08002cfc        0x0 D:/STMCubeIDE/STM32CubeIDE_1.16.0/STM32CubeIDE/plugins/com.st.stm32cube.ide.mcu.externaltools.gnu-tools-for-stm32.12.3.rel1.win32_1.0.200.202406191623/tools/bin/../lib/gcc/arm-none-eabi/12.3.1/thumb/v7e-m+fp/hard/crtbegin.o

.rodata         0x08002cfc       0x18
                0x08002cfc                        . = ALIGN (0x4)
 *(.rodata)
 *(.rodata*)
 .rodata.AHBPrescTable
                0x08002cfc       0x10 ./Core/Src/system_stm32f4xx.o
                0x08002cfc                AHBPrescTable
 .rodata.APBPrescTable
                0x08002d0c        0x8 ./Core/Src/system_stm32f4xx.o
                0x08002d0c                APBPrescTable
                0x08002d14                        . = ALIGN (0x4)

.ARM.extab      0x08002d14        0x0
                0x08002d14                        . = ALIGN (0x4)
 *(.ARM.extab* .gnu.linkonce.armextab.*)
                0x08002d14                        . = ALIGN (0x4)

.ARM            0x08002d14        0x8
                0x08002d14                        . = ALIGN (0x4)
                0x08002d14                        __exidx_start = .
 *(.ARM.exidx*)
 .ARM.exidx     0x08002d14        0x8 D:/STMCubeIDE/STM32CubeIDE_1.16.0/STM32CubeIDE/plugins/com.st.stm32cube.ide.mcu.externaltools.gnu-tools-for-stm32.12.3.rel1.win32_1.0.200.202406191623/tools/bin/../lib/gcc/arm-none-eabi/12.3.1/thumb/v7e-m+fp/hard\libgcc.a(_udivmoddi4.o)
                0x08002d1c                        __exidx_end = .
                0x08002d1c                        . = ALIGN (0x4)

.preinit_array  0x08002d1c        0x0
                0x08002d1c                        . = ALIGN (0x4)
                0x08002d1c                        PROVIDE (__preinit_array_start = .)
 *(.preinit_array*)
                0x08002d1c                        PROVIDE (__preinit_array_end = .)
                0x08002d1c                        . = ALIGN (0x4)

.init_array     0x08002d1c        0x4
                0x08002d1c                        . = ALIGN (0x4)
                0x08002d1c                        PROVIDE (__init_array_start = .)
 *(SORT_BY_NAME(.init_array.*))
 *(.init_array*)
 .init_array    0x08002d1c        0x4 D:/STMCubeIDE/STM32CubeIDE_1.16.0/STM32CubeIDE/plugins/com.st.stm32cube.ide.mcu.externaltools.gnu-tools-for-stm32.12.3.rel1.win32_1.0.200.202406191623/tools/bin/../lib/gcc/arm-none-eabi/12.3.1/thumb/v7e-m+fp/hard/crtbegin.o
                0x08002d20                        PROVIDE (__init_array_end = .)
                0x08002d20                        . = ALIGN (0x4)

.fini_array     0x08002d20        0x4
                0x08002d20                        . = ALIGN (0x4)
                [!provide]                        PROVIDE (__fini_array_start = .)
 *(SORT_BY_NAME(.fini_array.*))
 *(.fini_array*)
 .fini_array    0x08002d20        0x4 D:/STMCubeIDE/STM32CubeIDE_1.16.0/STM32CubeIDE/plugins/com.st.stm32cube.ide.mcu.externaltools.gnu-tools-for-stm32.12.3.rel1.win32_1.0.200.202406191623/tools/bin/../lib/gcc/arm-none-eabi/12.3.1/thumb/v7e-m+fp/hard/crtbegin.o
                [!provide]                        PROVIDE (__fini_array_end = .)
                0x08002d24                        . = ALIGN (0x4)
                0x08002d24                        _sidata = LOADADDR (.data)

.rel.dyn        0x08002d24        0x0
 .rel.iplt      0x08002d24        0x0 D:/STMCubeIDE/STM32CubeIDE_1.16.0/STM32CubeIDE/plugins/com.st.stm32cube.ide.mcu.externaltools.gnu-tools-for-stm32.12.3.rel1.win32_1.0.200.202406191623/tools/bin/../lib/gcc/arm-none-eabi/12.3.1/thumb/v7e-m+fp/hard/crtbegin.o

.data           0x20000000       0x14 load address 0x08002d24
                0x20000000                        . = ALIGN (0x4)
                0x20000000                        _sdata = .
 *(.data)
 *(.data*)
 .data.RxAddress
                0x20000000        0x5 ./Core/Src/main.o
                0x20000000                RxAddress
 *fill*         0x20000005        0x3 
 .data.SystemCoreClock
                0x20000008        0x4 ./Core/Src/system_stm32f4xx.o
                0x20000008                SystemCoreClock
 .data.uwTickPrio
                0x2000000c        0x4 ./Drivers/STM32F4xx_HAL_Driver/Src/stm32f4xx_hal.o
                0x2000000c                uwTickPrio
 .data.uwTickFreq
                0x20000010        0x1 ./Drivers/STM32F4xx_HAL_Driver/Src/stm32f4xx_hal.o
                0x20000010                uwTickFreq
 *(.RamFunc)
 *(.RamFunc*)
                0x20000014                        . = ALIGN (0x4)
 *fill*         0x20000011        0x3 
                0x20000014                        _edata = .

.igot.plt       0x20000014        0x0 load address 0x08002d38
 .igot.plt      0x20000014        0x0 D:/STMCubeIDE/STM32CubeIDE_1.16.0/STM32CubeIDE/plugins/com.st.stm32cube.ide.mcu.externaltools.gnu-tools-for-stm32.12.3.rel1.win32_1.0.200.202406191623/tools/bin/../lib/gcc/arm-none-eabi/12.3.1/thumb/v7e-m+fp/hard/crtbegin.o
                0x20000014                        . = ALIGN (0x4)

.bss            0x20000014       0xe0 load address 0x08002d38
                0x20000014                        _sbss = .
                0x20000014                        __bss_start__ = _sbss
 *(.bss)
 .bss           0x20000014       0x1c D:/STMCubeIDE/STM32CubeIDE_1.16.0/STM32CubeIDE/plugins/com.st.stm32cube.ide.mcu.externaltools.gnu-tools-for-stm32.12.3.rel1.win32_1.0.200.202406191623/tools/bin/../lib/gcc/arm-none-eabi/12.3.1/thumb/v7e-m+fp/hard/crtbegin.o
 *(.bss*)
 .bss.RxData    0x20000030       0x20 ./Core/Src/main.o
                0x20000030                RxData
 .bss.hspi1     0x20000050       0x58 ./Core/Src/spi.o
                0x20000050                hspi1
 .bss.huart2    0x200000a8       0x48 ./Core/Src/usart.o
                0x200000a8                huart2
 .bss.uwTick    0x200000f0        0x4 ./Drivers/STM32F4xx_HAL_Driver/Src/stm32f4xx_hal.o
                0x200000f0                uwTick
 *(COMMON)
                0x200000f4                        . = ALIGN (0x4)
                0x200000f4                        _ebss = .
                0x200000f4                        __bss_end__ = _ebss

._user_heap_stack
                0x200000f4      0x604 load address 0x08002d38
                0x200000f8                        . = ALIGN (0x8)
 *fill*         0x200000f4        0x4 
                [!provide]                        PROVIDE (end = .)
                0x200000f8                        PROVIDE (_end = .)
                0x200002f8                        . = (. + _Min_Heap_Size)
 *fill*         0x200000f8      0x200 
                0x200006f8                        . = (. + _Min_Stack_Size)
 *fill*         0x200002f8      0x400 
                0x200006f8                        . = ALIGN (0x8)

/DISCARD/
 libc.a(*)
 libm.a(*)
 libgcc.a(*)

.ARM.attributes
                0x00000000       0x30
 *(.ARM.attributes)
 .ARM.attributes
                0x00000000       0x22 D:/STMCubeIDE/STM32CubeIDE_1.16.0/STM32CubeIDE/plugins/com.st.stm32cube.ide.mcu.externaltools.gnu-tools-for-stm32.12.3.rel1.win32_1.0.200.202406191623/tools/bin/../lib/gcc/arm-none-eabi/12.3.1/thumb/v7e-m+fp/hard/crti.o
 .ARM.attributes
                0x00000022       0x34 D:/STMCubeIDE/STM32CubeIDE_1.16.0/STM32CubeIDE/plugins/com.st.stm32cube.ide.mcu.externaltools.gnu-tools-for-stm32.12.3.rel1.win32_1.0.200.202406191623/tools/bin/../lib/gcc/arm-none-eabi/12.3.1/thumb/v7e-m+fp/hard/crtbegin.o
 .ARM.attributes
                0x00000056       0x34 ./Core/Src/NRF_lib.o
 .ARM.attributes
                0x0000008a       0x34 ./Core/Src/gpio.o
 .ARM.attributes
                0x000000be       0x34 ./Core/Src/main.o
 .ARM.attributes
                0x000000f2       0x34 ./Core/Src/spi.o
 .ARM.attributes
                0x00000126       0x34 ./Core/Src/stm32f4xx_hal_msp.o
 .ARM.attributes
                0x0000015a       0x34 ./Core/Src/stm32f4xx_it.o
 .ARM.attributes
                0x0000018e       0x34 ./Core/Src/system_stm32f4xx.o
 .ARM.attributes
                0x000001c2       0x34 ./Core/Src/usart.o
 .ARM.attributes
                0x000001f6       0x21 ./Core/Startup/startup_stm32f412retx.o
 .ARM.attributes
                0x00000217       0x34 ./Drivers/STM32F4xx_HAL_Driver/Src/stm32f4xx_hal.o
 .ARM.attributes
                0x0000024b       0x34 ./Drivers/STM32F4xx_HAL_Driver/Src/stm32f4xx_hal_cortex.o
 .ARM.attributes
                0x0000027f       0x34 ./Drivers/STM32F4xx_HAL_Driver/Src/stm32f4xx_hal_gpio.o
 .ARM.attributes
                0x000002b3       0x34 ./Drivers/STM32F4xx_HAL_Driver/Src/stm32f4xx_hal_rcc.o
 .ARM.attributes
                0x000002e7       0x34 ./Drivers/STM32F4xx_HAL_Driver/Src/stm32f4xx_hal_rcc_ex.o
 .ARM.attributes
                0x0000031b       0x34 ./Drivers/STM32F4xx_HAL_Driver/Src/stm32f4xx_hal_spi.o
 .ARM.attributes
                0x0000034f       0x34 ./Drivers/STM32F4xx_HAL_Driver/Src/stm32f4xx_hal_uart.o
 .ARM.attributes
                0x00000383       0x34 D:/STMCubeIDE/STM32CubeIDE_1.16.0/STM32CubeIDE/plugins/com.st.stm32cube.ide.mcu.externaltools.gnu-tools-for-stm32.12.3.rel1.win32_1.0.200.202406191623/tools/bin/../lib/gcc/arm-none-eabi/12.3.1/../../../../arm-none-eabi/lib/thumb/v7e-m+fp/hard\libc_nano.a(libc_a-memset.o)
 .ARM.attributes
                0x000003b7       0x34 D:/STMCubeIDE/STM32CubeIDE_1.16.0/STM32CubeIDE/plugins/com.st.stm32cube.ide.mcu.externaltools.gnu-tools-for-stm32.12.3.rel1.win32_1.0.200.202406191623/tools/bin/../lib/gcc/arm-none-eabi/12.3.1/../../../../arm-none-eabi/lib/thumb/v7e-m+fp/hard\libc_nano.a(libc_a-init.o)
 .ARM.attributes
                0x000003eb       0x22 D:/STMCubeIDE/STM32CubeIDE_1.16.0/STM32CubeIDE/plugins/com.st.stm32cube.ide.mcu.externaltools.gnu-tools-for-stm32.12.3.rel1.win32_1.0.200.202406191623/tools/bin/../lib/gcc/arm-none-eabi/12.3.1/thumb/v7e-m+fp/hard\libgcc.a(_aeabi_uldivmod.o)
 .ARM.attributes
                0x0000040d       0x34 D:/STMCubeIDE/STM32CubeIDE_1.16.0/STM32CubeIDE/plugins/com.st.stm32cube.ide.mcu.externaltools.gnu-tools-for-stm32.12.3.rel1.win32_1.0.200.202406191623/tools/bin/../lib/gcc/arm-none-eabi/12.3.1/thumb/v7e-m+fp/hard\libgcc.a(_udivmoddi4.o)
 .ARM.attributes
                0x00000441       0x22 D:/STMCubeIDE/STM32CubeIDE_1.16.0/STM32CubeIDE/plugins/com.st.stm32cube.ide.mcu.externaltools.gnu-tools-for-stm32.12.3.rel1.win32_1.0.200.202406191623/tools/bin/../lib/gcc/arm-none-eabi/12.3.1/thumb/v7e-m+fp/hard\libgcc.a(_dvmd_tls.o)
 .ARM.attributes
                0x00000463       0x22 D:/STMCubeIDE/STM32CubeIDE_1.16.0/STM32CubeIDE/plugins/com.st.stm32cube.ide.mcu.externaltools.gnu-tools-for-stm32.12.3.rel1.win32_1.0.200.202406191623/tools/bin/../lib/gcc/arm-none-eabi/12.3.1/thumb/v7e-m+fp/hard/crtn.o
OUTPUT(NRF_Receive.elf elf32-littlearm)
LOAD linker stubs
LOAD D:/STMCubeIDE/STM32CubeIDE_1.16.0/STM32CubeIDE/plugins/com.st.stm32cube.ide.mcu.externaltools.gnu-tools-for-stm32.12.3.rel1.win32_1.0.200.202406191623/tools/bin/../lib/gcc/arm-none-eabi/12.3.1/../../../../arm-none-eabi/lib/thumb/v7e-m+fp/hard\libc.a
LOAD D:/STMCubeIDE/STM32CubeIDE_1.16.0/STM32CubeIDE/plugins/com.st.stm32cube.ide.mcu.externaltools.gnu-tools-for-stm32.12.3.rel1.win32_1.0.200.202406191623/tools/bin/../lib/gcc/arm-none-eabi/12.3.1/../../../../arm-none-eabi/lib/thumb/v7e-m+fp/hard\libm.a
LOAD D:/STMCubeIDE/STM32CubeIDE_1.16.0/STM32CubeIDE/plugins/com.st.stm32cube.ide.mcu.externaltools.gnu-tools-for-stm32.12.3.rel1.win32_1.0.200.202406191623/tools/bin/../lib/gcc/arm-none-eabi/12.3.1/thumb/v7e-m+fp/hard\libgcc.a

.debug_info     0x00000000     0xa324
 .debug_info    0x00000000      0x9a3 ./Core/Src/NRF_lib.o
 .debug_info    0x000009a3      0x41d ./Core/Src/gpio.o
 .debug_info    0x00000dc0      0x66d ./Core/Src/main.o
 .debug_info    0x0000142d      0x97d ./Core/Src/spi.o
 .debug_info    0x00001daa      0x299 ./Core/Src/stm32f4xx_hal_msp.o
 .debug_info    0x00002043      0x112 ./Core/Src/stm32f4xx_it.o
 .debug_info    0x00002155      0x54a ./Core/Src/system_stm32f4xx.o
 .debug_info    0x0000269f      0x94d ./Core/Src/usart.o
 .debug_info    0x00002fec       0x30 ./Core/Startup/startup_stm32f412retx.o
 .debug_info    0x0000301c      0x96a ./Drivers/STM32F4xx_HAL_Driver/Src/stm32f4xx_hal.o
 .debug_info    0x00003986      0xd7a ./Drivers/STM32F4xx_HAL_Driver/Src/stm32f4xx_hal_cortex.o
 .debug_info    0x00004700      0x70b ./Drivers/STM32F4xx_HAL_Driver/Src/stm32f4xx_hal_gpio.o
 .debug_info    0x00004e0b      0x8eb ./Drivers/STM32F4xx_HAL_Driver/Src/stm32f4xx_hal_rcc.o
 .debug_info    0x000056f6      0x7ba ./Drivers/STM32F4xx_HAL_Driver/Src/stm32f4xx_hal_rcc_ex.o
 .debug_info    0x00005eb0     0x1525 ./Drivers/STM32F4xx_HAL_Driver/Src/stm32f4xx_hal_spi.o
 .debug_info    0x000073d5     0x2f4f ./Drivers/STM32F4xx_HAL_Driver/Src/stm32f4xx_hal_uart.o

.debug_abbrev   0x00000000     0x1d20
 .debug_abbrev  0x00000000      0x20b ./Core/Src/NRF_lib.o
 .debug_abbrev  0x0000020b      0x152 ./Core/Src/gpio.o
 .debug_abbrev  0x0000035d      0x21e ./Core/Src/main.o
 .debug_abbrev  0x0000057b      0x1fa ./Core/Src/spi.o
 .debug_abbrev  0x00000775       0xd8 ./Core/Src/stm32f4xx_hal_msp.o
 .debug_abbrev  0x0000084d       0x73 ./Core/Src/stm32f4xx_it.o
 .debug_abbrev  0x000008c0      0x11a ./Core/Src/system_stm32f4xx.o
 .debug_abbrev  0x000009da      0x1f9 ./Core/Src/usart.o
 .debug_abbrev  0x00000bd3       0x24 ./Core/Startup/startup_stm32f412retx.o
 .debug_abbrev  0x00000bf7      0x214 ./Drivers/STM32F4xx_HAL_Driver/Src/stm32f4xx_hal.o
 .debug_abbrev  0x00000e0b      0x31d ./Drivers/STM32F4xx_HAL_Driver/Src/stm32f4xx_hal_cortex.o
 .debug_abbrev  0x00001128      0x1d4 ./Drivers/STM32F4xx_HAL_Driver/Src/stm32f4xx_hal_gpio.o
 .debug_abbrev  0x000012fc      0x2b7 ./Drivers/STM32F4xx_HAL_Driver/Src/stm32f4xx_hal_rcc.o
 .debug_abbrev  0x000015b3      0x1e5 ./Drivers/STM32F4xx_HAL_Driver/Src/stm32f4xx_hal_rcc_ex.o
 .debug_abbrev  0x00001798      0x27a ./Drivers/STM32F4xx_HAL_Driver/Src/stm32f4xx_hal_spi.o
 .debug_abbrev  0x00001a12      0x30e ./Drivers/STM32F4xx_HAL_Driver/Src/stm32f4xx_hal_uart.o

.debug_aranges  0x00000000      0x940
 .debug_aranges
                0x00000000       0x88 ./Core/Src/NRF_lib.o
 .debug_aranges
                0x00000088       0x20 ./Core/Src/gpio.o
 .debug_aranges
                0x000000a8       0x30 ./Core/Src/main.o
 .debug_aranges
                0x000000d8       0x30 ./Core/Src/spi.o
 .debug_aranges
                0x00000108       0x20 ./Core/Src/stm32f4xx_hal_msp.o
 .debug_aranges
                0x00000128       0x60 ./Core/Src/stm32f4xx_it.o
 .debug_aranges
                0x00000188       0x28 ./Core/Src/system_stm32f4xx.o
 .debug_aranges
                0x000001b0       0x30 ./Core/Src/usart.o
 .debug_aranges
                0x000001e0       0x28 ./Core/Startup/startup_stm32f412retx.o
 .debug_aranges
                0x00000208       0xf0 ./Drivers/STM32F4xx_HAL_Driver/Src/stm32f4xx_hal.o
 .debug_aranges
                0x000002f8      0x130 ./Drivers/STM32F4xx_HAL_Driver/Src/stm32f4xx_hal_cortex.o
 .debug_aranges
                0x00000428       0x58 ./Drivers/STM32F4xx_HAL_Driver/Src/stm32f4xx_hal_gpio.o
 .debug_aranges
                0x00000480       0x88 ./Drivers/STM32F4xx_HAL_Driver/Src/stm32f4xx_hal_rcc.o
 .debug_aranges
                0x00000508       0x60 ./Drivers/STM32F4xx_HAL_Driver/Src/stm32f4xx_hal_rcc_ex.o
 .debug_aranges
                0x00000568      0x1d0 ./Drivers/STM32F4xx_HAL_Driver/Src/stm32f4xx_hal_spi.o
 .debug_aranges
                0x00000738      0x208 ./Drivers/STM32F4xx_HAL_Driver/Src/stm32f4xx_hal_uart.o

.debug_rnglists
                0x00000000      0x707
 .debug_rnglists
                0x00000000       0x61 ./Core/Src/NRF_lib.o
 .debug_rnglists
                0x00000061       0x14 ./Core/Src/gpio.o
 .debug_rnglists
                0x00000075       0x20 ./Core/Src/main.o
 .debug_rnglists
                0x00000095       0x20 ./Core/Src/spi.o
 .debug_rnglists
                0x000000b5       0x13 ./Core/Src/stm32f4xx_hal_msp.o
 .debug_rnglists
                0x000000c8       0x43 ./Core/Src/stm32f4xx_it.o
 .debug_rnglists
                0x0000010b       0x1a ./Core/Src/system_stm32f4xx.o
 .debug_rnglists
                0x00000125       0x20 ./Core/Src/usart.o
 .debug_rnglists
                0x00000145       0x19 ./Core/Startup/startup_stm32f412retx.o
 .debug_rnglists
                0x0000015e       0xaf ./Drivers/STM32F4xx_HAL_Driver/Src/stm32f4xx_hal.o
 .debug_rnglists
                0x0000020d       0xe0 ./Drivers/STM32F4xx_HAL_Driver/Src/stm32f4xx_hal_cortex.o
 .debug_rnglists
                0x000002ed       0x3f ./Drivers/STM32F4xx_HAL_Driver/Src/stm32f4xx_hal_gpio.o
 .debug_rnglists
                0x0000032c       0x66 ./Drivers/STM32F4xx_HAL_Driver/Src/stm32f4xx_hal_rcc.o
 .debug_rnglists
                0x00000392       0x4a ./Drivers/STM32F4xx_HAL_Driver/Src/stm32f4xx_hal_rcc_ex.o
 .debug_rnglists
                0x000003dc      0x16f ./Drivers/STM32F4xx_HAL_Driver/Src/stm32f4xx_hal_spi.o
 .debug_rnglists
                0x0000054b      0x1bc ./Drivers/STM32F4xx_HAL_Driver/Src/stm32f4xx_hal_uart.o

.debug_macro    0x00000000    0x1e9cc
 .debug_macro   0x00000000      0x1eb ./Core/Src/NRF_lib.o
 .debug_macro   0x000001eb      0xab4 ./Core/Src/NRF_lib.o
 .debug_macro   0x00000c9f      0x29b ./Core/Src/NRF_lib.o
 .debug_macro   0x00000f3a       0x2e ./Core/Src/NRF_lib.o
 .debug_macro   0x00000f68       0x28 ./Core/Src/NRF_lib.o
 .debug_macro   0x00000f90       0x22 ./Core/Src/NRF_lib.o
 .debug_macro   0x00000fb2       0x8e ./Core/Src/NRF_lib.o
 .debug_macro   0x00001040       0x51 ./Core/Src/NRF_lib.o
 .debug_macro   0x00001091      0x103 ./Core/Src/NRF_lib.o
 .debug_macro   0x00001194       0x6a ./Core/Src/NRF_lib.o
 .debug_macro   0x000011fe      0x1df ./Core/Src/NRF_lib.o
 .debug_macro   0x000013dd       0x1c ./Core/Src/NRF_lib.o
 .debug_macro   0x000013f9       0x22 ./Core/Src/NRF_lib.o
 .debug_macro   0x0000141b       0xfb ./Core/Src/NRF_lib.o
 .debug_macro   0x00001516     0x1011 ./Core/Src/NRF_lib.o
 .debug_macro   0x00002527      0x11f ./Core/Src/NRF_lib.o
 .debug_macro   0x00002646    0x1469c ./Core/Src/NRF_lib.o
 .debug_macro   0x00016ce2       0x6d ./Core/Src/NRF_lib.o
 .debug_macro   0x00016d4f     0x369a ./Core/Src/NRF_lib.o
 .debug_macro   0x0001a3e9      0x189 ./Core/Src/NRF_lib.o
 .debug_macro   0x0001a572       0x5c ./Core/Src/NRF_lib.o
 .debug_macro   0x0001a5ce      0x902 ./Core/Src/NRF_lib.o
 .debug_macro   0x0001aed0      0x9e9 ./Core/Src/NRF_lib.o
 .debug_macro   0x0001b8b9      0x115 ./Core/Src/NRF_lib.o
 .debug_macro   0x0001b9ce      0x192 ./Core/Src/NRF_lib.o
 .debug_macro   0x0001bb60       0xa5 ./Core/Src/NRF_lib.o
 .debug_macro   0x0001bc05      0x158 ./Core/Src/NRF_lib.o
 .debug_macro   0x0001bd5d      0x287 ./Core/Src/NRF_lib.o
 .debug_macro   0x0001bfe4       0x5f ./Core/Src/NRF_lib.o
 .debug_macro   0x0001c043      0x236 ./Core/Src/NRF_lib.o
 .debug_macro   0x0001c279      0x132 ./Core/Src/NRF_lib.o
 .debug_macro   0x0001c3ab      0x29c ./Core/Src/NRF_lib.o
 .debug_macro   0x0001c647       0x2e ./Core/Src/NRF_lib.o
 .debug_macro   0x0001c675      0x127 ./Core/Src/NRF_lib.o
 .debug_macro   0x0001c79c       0x91 ./Core/Src/NRF_lib.o
 .debug_macro   0x0001c82d       0x89 ./Core/Src/NRF_lib.o
 .debug_macro   0x0001c8b6      0x225 ./Core/Src/NRF_lib.o
 .debug_macro   0x0001cadb      0x2aa ./Core/Src/NRF_lib.o
 .debug_macro   0x0001cd85      0x126 ./Core/Src/NRF_lib.o
 .debug_macro   0x0001ceab       0xee ./Core/Src/NRF_lib.o
 .debug_macro   0x0001cf99      0x1dd ./Core/Src/gpio.o
 .debug_macro   0x0001d176       0x34 ./Core/Src/gpio.o
 .debug_macro   0x0001d1aa      0x1fe ./Core/Src/main.o
 .debug_macro   0x0001d3a8      0x1dd ./Core/Src/spi.o
 .debug_macro   0x0001d585      0x1d3 ./Core/Src/stm32f4xx_hal_msp.o
 .debug_macro   0x0001d758      0x1dd ./Core/Src/stm32f4xx_it.o
 .debug_macro   0x0001d935      0x1c4 ./Core/Src/system_stm32f4xx.o
 .debug_macro   0x0001daf9      0x1dd ./Core/Src/usart.o
 .debug_macro   0x0001dcd6      0x224 ./Drivers/STM32F4xx_HAL_Driver/Src/stm32f4xx_hal.o
 .debug_macro   0x0001defa      0x1c4 ./Drivers/STM32F4xx_HAL_Driver/Src/stm32f4xx_hal_cortex.o
 .debug_macro   0x0001e0be      0x1ca ./Drivers/STM32F4xx_HAL_Driver/Src/stm32f4xx_hal_gpio.o
 .debug_macro   0x0001e288      0x1e8 ./Drivers/STM32F4xx_HAL_Driver/Src/stm32f4xx_hal_rcc.o
 .debug_macro   0x0001e470      0x1c4 ./Drivers/STM32F4xx_HAL_Driver/Src/stm32f4xx_hal_rcc_ex.o
 .debug_macro   0x0001e634      0x1d3 ./Drivers/STM32F4xx_HAL_Driver/Src/stm32f4xx_hal_spi.o
 .debug_macro   0x0001e807      0x1c5 ./Drivers/STM32F4xx_HAL_Driver/Src/stm32f4xx_hal_uart.o

.debug_line     0x00000000     0xc4d1
 .debug_line    0x00000000      0x904 ./Core/Src/NRF_lib.o
 .debug_line    0x00000904      0x741 ./Core/Src/gpio.o
 .debug_line    0x00001045      0x7d2 ./Core/Src/main.o
 .debug_line    0x00001817      0x796 ./Core/Src/spi.o
 .debug_line    0x00001fad      0x725 ./Core/Src/stm32f4xx_hal_msp.o
 .debug_line    0x000026d2      0x7e7 ./Core/Src/stm32f4xx_it.o
 .debug_line    0x00002eb9      0x7a9 ./Core/Src/system_stm32f4xx.o
 .debug_line    0x00003662      0x78e ./Core/Src/usart.o
 .debug_line    0x00003df0       0x7a ./Core/Startup/startup_stm32f412retx.o
 .debug_line    0x00003e6a      0xa12 ./Drivers/STM32F4xx_HAL_Driver/Src/stm32f4xx_hal.o
 .debug_line    0x0000487c      0xd04 ./Drivers/STM32F4xx_HAL_Driver/Src/stm32f4xx_hal_cortex.o
 .debug_line    0x00005580      0xb4e ./Drivers/STM32F4xx_HAL_Driver/Src/stm32f4xx_hal_gpio.o
 .debug_line    0x000060ce      0xda7 ./Drivers/STM32F4xx_HAL_Driver/Src/stm32f4xx_hal_rcc.o
 .debug_line    0x00006e75     0x1048 ./Drivers/STM32F4xx_HAL_Driver/Src/stm32f4xx_hal_rcc_ex.o
 .debug_line    0x00007ebd     0x1d30 ./Drivers/STM32F4xx_HAL_Driver/Src/stm32f4xx_hal_spi.o
 .debug_line    0x00009bed     0x28e4 ./Drivers/STM32F4xx_HAL_Driver/Src/stm32f4xx_hal_uart.o

.debug_str      0x00000000    0xb7c72
 .debug_str     0x00000000    0xb5493 ./Core/Src/NRF_lib.o
                              0xb5794 (size before relaxing)
 .debug_str     0x000b5493      0x238 ./Core/Src/gpio.o
                              0xb515f (size before relaxing)
 .debug_str     0x000b56cb      0x1d3 ./Core/Src/main.o
                              0xb55a0 (size before relaxing)
 .debug_str     0x000b589e       0x5b ./Core/Src/spi.o
                              0xb55eb (size before relaxing)
 .debug_str     0x000b58f9       0x2c ./Core/Src/stm32f4xx_hal_msp.o
                              0xb5094 (size before relaxing)
 .debug_str     0x000b5925       0xc9 ./Core/Src/stm32f4xx_it.o
                              0xb4ff6 (size before relaxing)
 .debug_str     0x000b59ee       0xdb ./Core/Src/system_stm32f4xx.o
                              0xb50a8 (size before relaxing)
 .debug_str     0x000b5ac9      0x1e4 ./Core/Src/usart.o
                              0xb561c (size before relaxing)
 .debug_str     0x000b5cad       0x44 ./Core/Startup/startup_stm32f412retx.o
                                 0x73 (size before relaxing)
 .debug_str     0x000b5cf1      0xac6 ./Drivers/STM32F4xx_HAL_Driver/Src/stm32f4xx_hal.o
                              0xb5c06 (size before relaxing)
 .debug_str     0x000b67b7      0x392 ./Drivers/STM32F4xx_HAL_Driver/Src/stm32f4xx_hal_cortex.o
                              0xb595e (size before relaxing)
 .debug_str     0x000b6b49      0x121 ./Drivers/STM32F4xx_HAL_Driver/Src/stm32f4xx_hal_gpio.o
                              0xb5229 (size before relaxing)
 .debug_str     0x000b6c6a      0x233 ./Drivers/STM32F4xx_HAL_Driver/Src/stm32f4xx_hal_rcc.o
                              0xb54e1 (size before relaxing)
 .debug_str     0x000b6e9d      0x235 ./Drivers/STM32F4xx_HAL_Driver/Src/stm32f4xx_hal_rcc_ex.o
                              0xb53e1 (size before relaxing)
 .debug_str     0x000b70d2      0x580 ./Drivers/STM32F4xx_HAL_Driver/Src/stm32f4xx_hal_spi.o
                              0xb5942 (size before relaxing)
 .debug_str     0x000b7652      0x620 ./Drivers/STM32F4xx_HAL_Driver/Src/stm32f4xx_hal_uart.o
                              0xb5a99 (size before relaxing)

.comment        0x00000000       0x43
 .comment       0x00000000       0x43 ./Core/Src/NRF_lib.o
                                 0x44 (size before relaxing)
 .comment       0x00000043       0x44 ./Core/Src/gpio.o
 .comment       0x00000043       0x44 ./Core/Src/main.o
 .comment       0x00000043       0x44 ./Core/Src/spi.o
 .comment       0x00000043       0x44 ./Core/Src/stm32f4xx_hal_msp.o
 .comment       0x00000043       0x44 ./Core/Src/stm32f4xx_it.o
 .comment       0x00000043       0x44 ./Core/Src/system_stm32f4xx.o
 .comment       0x00000043       0x44 ./Core/Src/usart.o
 .comment       0x00000043       0x44 ./Drivers/STM32F4xx_HAL_Driver/Src/stm32f4xx_hal.o
 .comment       0x00000043       0x44 ./Drivers/STM32F4xx_HAL_Driver/Src/stm32f4xx_hal_cortex.o
 .comment       0x00000043       0x44 ./Drivers/STM32F4xx_HAL_Driver/Src/stm32f4xx_hal_gpio.o
 .comment       0x00000043       0x44 ./Drivers/STM32F4xx_HAL_Driver/Src/stm32f4xx_hal_rcc.o
 .comment       0x00000043       0x44 ./Drivers/STM32F4xx_HAL_Driver/Src/stm32f4xx_hal_rcc_ex.o
 .comment       0x00000043       0x44 ./Drivers/STM32F4xx_HAL_Driver/Src/stm32f4xx_hal_spi.o
 .comment       0x00000043       0x44 ./Drivers/STM32F4xx_HAL_Driver/Src/stm32f4xx_hal_uart.o

.debug_frame    0x00000000     0x2448
 .debug_frame   0x00000000      0x1e0 ./Core/Src/NRF_lib.o
 .debug_frame   0x000001e0       0x34 ./Core/Src/gpio.o
 .debug_frame   0x00000214       0x68 ./Core/Src/main.o
 .debug_frame   0x0000027c       0x74 ./Core/Src/spi.o
 .debug_frame   0x000002f0       0x38 ./Core/Src/stm32f4xx_hal_msp.o
 .debug_frame   0x00000328      0x104 ./Core/Src/stm32f4xx_it.o
 .debug_frame   0x0000042c       0x58 ./Core/Src/system_stm32f4xx.o
 .debug_frame   0x00000484       0x74 ./Core/Src/usart.o
 .debug_frame   0x000004f8      0x374 ./Drivers/STM32F4xx_HAL_Driver/Src/stm32f4xx_hal.o
 .debug_frame   0x0000086c      0x508 ./Drivers/STM32F4xx_HAL_Driver/Src/stm32f4xx_hal_cortex.o
 .debug_frame   0x00000d74      0x14c ./Drivers/STM32F4xx_HAL_Driver/Src/stm32f4xx_hal_gpio.o
 .debug_frame   0x00000ec0      0x1f4 ./Drivers/STM32F4xx_HAL_Driver/Src/stm32f4xx_hal_rcc.o
 .debug_frame   0x000010b4      0x16c ./Drivers/STM32F4xx_HAL_Driver/Src/stm32f4xx_hal_rcc_ex.o
 .debug_frame   0x00001220      0x828 ./Drivers/STM32F4xx_HAL_Driver/Src/stm32f4xx_hal_spi.o
 .debug_frame   0x00001a48      0x954 ./Drivers/STM32F4xx_HAL_Driver/Src/stm32f4xx_hal_uart.o
 .debug_frame   0x0000239c       0x20 D:/STMCubeIDE/STM32CubeIDE_1.16.0/STM32CubeIDE/plugins/com.st.stm32cube.ide.mcu.externaltools.gnu-tools-for-stm32.12.3.rel1.win32_1.0.200.202406191623/tools/bin/../lib/gcc/arm-none-eabi/12.3.1/../../../../arm-none-eabi/lib/thumb/v7e-m+fp/hard\libc_nano.a(libc_a-memset.o)
 .debug_frame   0x000023bc       0x2c D:/STMCubeIDE/STM32CubeIDE_1.16.0/STM32CubeIDE/plugins/com.st.stm32cube.ide.mcu.externaltools.gnu-tools-for-stm32.12.3.rel1.win32_1.0.200.202406191623/tools/bin/../lib/gcc/arm-none-eabi/12.3.1/../../../../arm-none-eabi/lib/thumb/v7e-m+fp/hard\libc_nano.a(libc_a-init.o)
 .debug_frame   0x000023e8       0x2c D:/STMCubeIDE/STM32CubeIDE_1.16.0/STM32CubeIDE/plugins/com.st.stm32cube.ide.mcu.externaltools.gnu-tools-for-stm32.12.3.rel1.win32_1.0.200.202406191623/tools/bin/../lib/gcc/arm-none-eabi/12.3.1/thumb/v7e-m+fp/hard\libgcc.a(_aeabi_uldivmod.o)
 .debug_frame   0x00002414       0x34 D:/STMCubeIDE/STM32CubeIDE_1.16.0/STM32CubeIDE/plugins/com.st.stm32cube.ide.mcu.externaltools.gnu-tools-for-stm32.12.3.rel1.win32_1.0.200.202406191623/tools/bin/../lib/gcc/arm-none-eabi/12.3.1/thumb/v7e-m+fp/hard\libgcc.a(_udivmoddi4.o)

.debug_line_str
                0x00000000       0x57
 .debug_line_str
                0x00000000       0x57 ./Core/Startup/startup_stm32f412retx.o
