Archive member included to satisfy reference by file (symbol)

D:/ST/STM32CubeIDE_1.16.0/STM32CubeIDE/plugins/com.st.stm32cube.ide.mcu.externaltools.gnu-tools-for-stm32.12.3.rel1.win32_1.0.200.202406191623/tools/bin/../lib/gcc/arm-none-eabi/12.3.1/../../../../arm-none-eabi/lib/thumb/v7e-m+fp/hard\libc_nano.a(libc_a-exit.o)
                              D:/ST/STM32CubeIDE_1.16.0/STM32CubeIDE/plugins/com.st.stm32cube.ide.mcu.externaltools.gnu-tools-for-stm32.12.3.rel1.win32_1.0.200.202406191623/tools/bin/../lib/gcc/arm-none-eabi/12.3.1/../../../../arm-none-eabi/lib/thumb/v7e-m+fp/hard/crt0.o (exit)
D:/ST/STM32CubeIDE_1.16.0/STM32CubeIDE/plugins/com.st.stm32cube.ide.mcu.externaltools.gnu-tools-for-stm32.12.3.rel1.win32_1.0.200.202406191623/tools/bin/../lib/gcc/arm-none-eabi/12.3.1/../../../../arm-none-eabi/lib/thumb/v7e-m+fp/hard\libc_nano.a(libc_a-findfp.o)
                              D:/ST/STM32CubeIDE_1.16.0/STM32CubeIDE/plugins/com.st.stm32cube.ide.mcu.externaltools.gnu-tools-for-stm32.12.3.rel1.win32_1.0.200.202406191623/tools/bin/../lib/gcc/arm-none-eabi/12.3.1/../../../../arm-none-eabi/lib/thumb/v7e-m+fp/hard\libc_nano.a(libc_a-exit.o) (__stdio_exit_handler)
D:/ST/STM32CubeIDE_1.16.0/STM32CubeIDE/plugins/com.st.stm32cube.ide.mcu.externaltools.gnu-tools-for-stm32.12.3.rel1.win32_1.0.200.202406191623/tools/bin/../lib/gcc/arm-none-eabi/12.3.1/../../../../arm-none-eabi/lib/thumb/v7e-m+fp/hard\libc_nano.a(libc_a-fwalk.o)
                              D:/ST/STM32CubeIDE_1.16.0/STM32CubeIDE/plugins/com.st.stm32cube.ide.mcu.externaltools.gnu-tools-for-stm32.12.3.rel1.win32_1.0.200.202406191623/tools/bin/../lib/gcc/arm-none-eabi/12.3.1/../../../../arm-none-eabi/lib/thumb/v7e-m+fp/hard\libc_nano.a(libc_a-findfp.o) (_fwalk_sglue)
D:/ST/STM32CubeIDE_1.16.0/STM32CubeIDE/plugins/com.st.stm32cube.ide.mcu.externaltools.gnu-tools-for-stm32.12.3.rel1.win32_1.0.200.202406191623/tools/bin/../lib/gcc/arm-none-eabi/12.3.1/../../../../arm-none-eabi/lib/thumb/v7e-m+fp/hard\libc_nano.a(libc_a-stdio.o)
                              D:/ST/STM32CubeIDE_1.16.0/STM32CubeIDE/plugins/com.st.stm32cube.ide.mcu.externaltools.gnu-tools-for-stm32.12.3.rel1.win32_1.0.200.202406191623/tools/bin/../lib/gcc/arm-none-eabi/12.3.1/../../../../arm-none-eabi/lib/thumb/v7e-m+fp/hard\libc_nano.a(libc_a-findfp.o) (__sread)
D:/ST/STM32CubeIDE_1.16.0/STM32CubeIDE/plugins/com.st.stm32cube.ide.mcu.externaltools.gnu-tools-for-stm32.12.3.rel1.win32_1.0.200.202406191623/tools/bin/../lib/gcc/arm-none-eabi/12.3.1/../../../../arm-none-eabi/lib/thumb/v7e-m+fp/hard\libc_nano.a(libc_a-memset.o)
                              D:/ST/STM32CubeIDE_1.16.0/STM32CubeIDE/plugins/com.st.stm32cube.ide.mcu.externaltools.gnu-tools-for-stm32.12.3.rel1.win32_1.0.200.202406191623/tools/bin/../lib/gcc/arm-none-eabi/12.3.1/../../../../arm-none-eabi/lib/thumb/v7e-m+fp/hard/crt0.o (memset)
D:/ST/STM32CubeIDE_1.16.0/STM32CubeIDE/plugins/com.st.stm32cube.ide.mcu.externaltools.gnu-tools-for-stm32.12.3.rel1.win32_1.0.200.202406191623/tools/bin/../lib/gcc/arm-none-eabi/12.3.1/../../../../arm-none-eabi/lib/thumb/v7e-m+fp/hard\libc_nano.a(libc_a-closer.o)
                              D:/ST/STM32CubeIDE_1.16.0/STM32CubeIDE/plugins/com.st.stm32cube.ide.mcu.externaltools.gnu-tools-for-stm32.12.3.rel1.win32_1.0.200.202406191623/tools/bin/../lib/gcc/arm-none-eabi/12.3.1/../../../../arm-none-eabi/lib/thumb/v7e-m+fp/hard\libc_nano.a(libc_a-stdio.o) (_close_r)
D:/ST/STM32CubeIDE_1.16.0/STM32CubeIDE/plugins/com.st.stm32cube.ide.mcu.externaltools.gnu-tools-for-stm32.12.3.rel1.win32_1.0.200.202406191623/tools/bin/../lib/gcc/arm-none-eabi/12.3.1/../../../../arm-none-eabi/lib/thumb/v7e-m+fp/hard\libc_nano.a(libc_a-reent.o)
                              D:/ST/STM32CubeIDE_1.16.0/STM32CubeIDE/plugins/com.st.stm32cube.ide.mcu.externaltools.gnu-tools-for-stm32.12.3.rel1.win32_1.0.200.202406191623/tools/bin/../lib/gcc/arm-none-eabi/12.3.1/../../../../arm-none-eabi/lib/thumb/v7e-m+fp/hard\libc_nano.a(libc_a-closer.o) (errno)
D:/ST/STM32CubeIDE_1.16.0/STM32CubeIDE/plugins/com.st.stm32cube.ide.mcu.externaltools.gnu-tools-for-stm32.12.3.rel1.win32_1.0.200.202406191623/tools/bin/../lib/gcc/arm-none-eabi/12.3.1/../../../../arm-none-eabi/lib/thumb/v7e-m+fp/hard\libc_nano.a(libc_a-impure.o)
                              D:/ST/STM32CubeIDE_1.16.0/STM32CubeIDE/plugins/com.st.stm32cube.ide.mcu.externaltools.gnu-tools-for-stm32.12.3.rel1.win32_1.0.200.202406191623/tools/bin/../lib/gcc/arm-none-eabi/12.3.1/../../../../arm-none-eabi/lib/thumb/v7e-m+fp/hard\libc_nano.a(libc_a-reent.o) (_impure_ptr)
D:/ST/STM32CubeIDE_1.16.0/STM32CubeIDE/plugins/com.st.stm32cube.ide.mcu.externaltools.gnu-tools-for-stm32.12.3.rel1.win32_1.0.200.202406191623/tools/bin/../lib/gcc/arm-none-eabi/12.3.1/../../../../arm-none-eabi/lib/thumb/v7e-m+fp/hard\libc_nano.a(libc_a-lseekr.o)
[...]
Memory Configuration

Name             Origin             Length             Attributes
RAM              0x20000000         0x00040000         xrw
FLASH            0x08000000         0x00080000         xr
*default*        0x00000000         0xffffffff

Linker script and memory map

LOAD D:/ST/STM32CubeIDE_1.16.0/STM32CubeIDE/plugins/com.st.stm32cube.ide.mcu.externaltools.gnu-tools-for-stm32.12.3.rel1.win32_1.0.200.202406191623/tools/bin/../lib/gcc/arm-none-eabi/12.3.1/thumb/v7e-m+fp/hard/crti.o
LOAD D:/ST/STM32CubeIDE_1.16.0/STM32CubeIDE/plugins/com.st.stm32cube.ide.mcu.externaltools.gnu-tools-for-stm32.12.3.rel1.win32_1.0.200.202406191623/tools/bin/../lib/gcc/arm-none-eabi/12.3.1/thumb/v7e-m+fp/hard/crtbegin.o
LOAD D:/ST/STM32CubeIDE_1.16.0/STM32CubeIDE/plugins/com.st.stm32cube.ide.mcu.externaltools.gnu-tools-for-stm32.12.3.rel1.win32_1.0.200.202406191623/tools/bin/../lib/gcc/arm-none-eabi/12.3.1/../../../../arm-none-eabi/lib/thumb/v7e-m+fp/hard/crt0.o
LOAD ./Core/Src/gpio.o
LOAD ./Core/Src/main.o
LOAD ./Core/Src/nrf24l01p.o
LOAD ./Core/Src/spi.o
LOAD ./Core/Src/stm32f4xx_hal_msp.o
LOAD ./Core/Src/stm32f4xx_it.o
LOAD ./Core/Src/syscalls.o
LOAD ./Core/Src/sysmem.o
LOAD ./Core/Src/system_stm32f4xx.o
LOAD ./Core/Src/usart.o
LOAD ./Core/Startup/startup_stm32f412retx.o
LOAD ./Drivers/STM32F4xx_HAL_Driver/Src/stm32f4xx_hal.o
LOAD ./Drivers/STM32F4xx_HAL_Driver/Src/stm32f4xx_hal_cortex.o
LOAD ./Drivers/STM32F4xx_HAL_Driver/Src/stm32f4xx_hal_dma.o
LOAD ./Drivers/STM32F4xx_HAL_Driver/Src/stm32f4xx_hal_dma_ex.o
LOAD ./Drivers/STM32F4xx_HAL_Driver/Src/stm32f4xx_hal_exti.o
LOAD ./Drivers/STM32F4xx_HAL_Driver/Src/stm32f4xx_hal_flash.o
LOAD ./Drivers/STM32F4xx_HAL_Driver/Src/stm32f4xx_hal_flash_ex.o
LOAD ./Drivers/STM32F4xx_HAL_Driver/Src/stm32f4xx_hal_flash_ramfunc.o
LOAD ./Drivers/STM32F4xx_HAL_Driver/Src/stm32f4xx_hal_gpio.o
LOAD ./Drivers/STM32F4xx_HAL_Driver/Src/stm32f4xx_hal_pwr.o
LOAD ./Drivers/STM32F4xx_HAL_Driver/Src/stm32f4xx_hal_pwr_ex.o
LOAD ./Drivers/STM32F4xx_HAL_Driver/Src/stm32f4xx_hal_rcc.o
LOAD ./Drivers/STM32F4xx_HAL_Driver/Src/stm32f4xx_hal_rcc_ex.o
LOAD ./Drivers/STM32F4xx_HAL_Driver/Src/stm32f4xx_hal_spi.o
LOAD ./Drivers/STM32F4xx_HAL_Driver/Src/stm32f4xx_hal_tim.o
LOAD ./Drivers/STM32F4xx_HAL_Driver/Src/stm32f4xx_hal_tim_ex.o
LOAD ./Drivers/STM32F4xx_HAL_Driver/Src/stm32f4xx_hal_uart.o
START GROUP
LOAD D:/ST/STM32CubeIDE_1.16.0/STM32CubeIDE/plugins/com.st.stm32cube.ide.mcu.externaltools.gnu-tools-for-stm32.12.3.rel1.win32_1.0.200.202406191623/tools/bin/../lib/gcc/arm-none-eabi/12.3.1/../../../../arm-none-eabi/lib/thumb/v7e-m+fp/hard\libc_nano.a
LOAD D:/ST/STM32CubeIDE_1.16.0/STM32CubeIDE/plugins/com.st.stm32cube.ide.mcu.externaltools.gnu-tools-for-stm32.12.3.rel1.win32_1.0.200.202406191623/tools/bin/../lib/gcc/arm-none-eabi/12.3.1/../../../../arm-none-eabi/lib/thumb/v7e-m+fp/hard\libm.a
END GROUP
START GROUP
LOAD D:/ST/STM32CubeIDE_1.16.0/STM32CubeIDE/plugins/com.st.stm32cube.ide.mcu.externaltools.gnu-tools-for-stm32.12.3.rel1.win32_1.0.200.202406191623/tools/bin/../lib/gcc/arm-none-eabi/12.3.1/thumb/v7e-m+fp/hard\libgcc.a
LOAD D:/ST/STM32CubeIDE_1.16.0/STM32CubeIDE/plugins/com.st.stm32cube.ide.mcu.externaltools.gnu-tools-for-stm32.12.3.rel1.win32_1.0.200.202406191623/tools/bin/../lib/gcc/arm-none-eabi/12.3.1/../../../../arm-none-eabi/lib/thumb/v7e-m+fp/hard\libc_nano.a
END GROUP
START GROUP
LOAD D:/ST/STM32CubeIDE_1.16.0/STM32CubeIDE/plugins/com.st.stm32cube.ide.mcu.externaltools.gnu-tools-for-stm32.12.3.rel1.win32_1.0.200.202406191623/tools/bin/../lib/gcc/arm-none-eabi/12.3.1/thumb/v7e-m+fp/hard\libgcc.a
LOAD D:/ST/STM32CubeIDE_1.16.0/STM32CubeIDE/plugins/com.st.stm32cube.ide.mcu.externaltools.gnu-tools-for-stm32.12.3.rel1.win32_1.0.200.202406191623/tools/bin/../lib/gcc/arm-none-eabi/12.3.1/../../../../arm-none-eabi/lib/thumb/v7e-m+fp/hard\libc_nano.a
LOAD D:/ST/STM32CubeIDE_1.16.0/STM32CubeIDE/plugins/com.st.stm32cube.ide.mcu.externaltools.gnu-tools-for-stm32.12.3.rel1.win32_1.0.200.202406191623/tools/bin/../lib/gcc/arm-none-eabi/12.3.1/../../../../arm-none-eabi/lib/thumb/v7e-m+fp/hard\libnosys.a
END GROUP
START GROUP
LOAD D:/ST/STM32CubeIDE_1.16.0/STM32CubeIDE/plugins/com.st.stm32cube.ide.mcu.externaltools.gnu-tools-for-stm32.12.3.rel1.win32_1.0.200.202406191623/tools/bin/../lib/gcc/arm-none-eabi/12.3.1/thumb/v7e-m+fp/hard\libgcc.a
LOAD D:/ST/STM32CubeIDE_1.16.0/STM32CubeIDE/plugins/com.st.stm32cube.ide.mcu.externaltools.gnu-tools-for-stm32.12.3.rel1.win32_1.0.200.202406191623/tools/bin/../lib/gcc/arm-none-eabi/12.3.1/../../../../arm-none-eabi/lib/thumb/v7e-m+fp/hard\libc_nano.a
LOAD D:/ST/STM32CubeIDE_1.16.0/STM32CubeIDE/plugins/com.st.stm32cube.ide.mcu.externaltools.gnu-tools-for-stm32.12.3.rel1.win32_1.0.200.202406191623/tools/bin/../lib/gcc/arm-none-eabi/12.3.1/../../../../arm-none-eabi/lib/thumb/v7e-m+fp/hard\libnosys.a
END GROUP
LOAD D:/ST/STM32CubeIDE_1.16.0/STM32CubeIDE/plugins/com.st.stm32cube.ide.mcu.externaltools.gnu-tools-for-stm32.12.3.rel1.win32_1.0.200.202406191623/tools/bin/../lib/gcc/arm-none-eabi/12.3.1/thumb/v7e-m+fp/hard/crtend.o
LOAD D:/ST/STM32CubeIDE_1.16.0/STM32CubeIDE/plugins/com.st.stm32cube.ide.mcu.externaltools.gnu-tools-for-stm32.12.3.rel1.win32_1.0.200.202406191623/tools/bin/../lib/gcc/arm-none-eabi/12.3.1/thumb/v7e-m+fp/hard/crtn.o
                0x20040000                        _estack = (ORIGIN (RAM) + LENGTH (RAM))
                0x00000200                        _Min_Heap_Size = 0x200
                0x00000400                        _Min_Stack_Size = 0x400

.isr_vector     0x08000000      0x1c4
                0x08000000                        . = ALIGN (0x4)
 *(.isr_vector)
 .isr_vector    0x08000000      0x1c4 ./Core/Startup/startup_stm32f412retx.o
                0x08000000                g_pfnVectors
                0x080001c4                        . = ALIGN (0x4)

.text           0x080001c4     0x3e4c
                0x080001c4                        . = ALIGN (0x4)
 *(.text)
 .text          0x080001c4       0x40 D:/ST/STM32CubeIDE_1.16.0/STM32CubeIDE/plugins/com.st.stm32cube.ide.mcu.externaltools.gnu-tools-for-stm32.12.3.rel1.win32_1.0.200.202406191623/tools/bin/../lib/gcc/arm-none-eabi/12.3.1/thumb/v7e-m+fp/hard/crtbegin.o
 .text          0x08000204       0x30 D:/ST/STM32CubeIDE_1.16.0/STM32CubeIDE/plugins/com.st.stm32cube.ide.mcu.externaltools.gnu-tools-for-stm32.12.3.rel1.win32_1.0.200.202406191623/tools/bin/../lib/gcc/arm-none-eabi/12.3.1/thumb/v7e-m+fp/hard\libgcc.a(_aeabi_uldivmod.o)
                0x08000204                __aeabi_uldivmod
 .text          0x08000234      0x2bc D:/ST/STM32CubeIDE_1.16.0/STM32CubeIDE/plugins/com.st.stm32cube.ide.mcu.externaltools.gnu-tools-for-stm32.12.3.rel1.win32_1.0.200.202406191623/tools/bin/../lib/gcc/arm-none-eabi/12.3.1/thumb/v7e-m+fp/hard\libgcc.a(_udivmoddi4.o)
                0x08000234                __udivmoddi4
 .text          0x080004f0        0x4 D:/ST/STM32CubeIDE_1.16.0/STM32CubeIDE/plugins/com.st.stm32cube.ide.mcu.externaltools.gnu-tools-for-stm32.12.3.rel1.win32_1.0.200.202406191623/tools/bin/../lib/gcc/arm-none-eabi/12.3.1/thumb/v7e-m+fp/hard\libgcc.a(_dvmd_tls.o)
                0x080004f0                __aeabi_idiv0
                0x080004f0                __aeabi_ldiv0
 *(.text*)
 .text.MX_GPIO_Init
                0x080004f4      0x130 ./Core/Src/gpio.o
                0x080004f4                MX_GPIO_Init
 .text.main     0x08000624       0x80 ./Core/Src/main.o
                0x08000624                main
 .text.SystemClock_Config
                0x080006a4       0xd4 ./Core/Src/main.o
                0x080006a4                SystemClock_Config
 .text.HAL_GPIO_EXTI_Callback
                0x08000778       0x1e ./Core/Src/main.o
                0x08000778                HAL_GPIO_EXTI_Callback
 .text.Error_Handler
                0x08000796        0xc ./Core/Src/main.o
                0x08000796                Error_Handler
 *fill*         0x080007a2        0x2 
 .text.switch_spi
                0x080007a4       0xa8 ./Core/Src/nrf24l01p.o
                0x080007a4                switch_spi
 .text.cs_high  0x0800084c       0x20 ./Core/Src/nrf24l01p.o
 .text.cs_low   0x0800086c       0x20 ./Core/Src/nrf24l01p.o
 .text.ce_high  0x0800088c       0x20 ./Core/Src/nrf24l01p.o
 .text.ce_low   0x080008ac       0x20 ./Core/Src/nrf24l01p.o
 .text.read_register
                0x080008cc       0x50 ./Core/Src/nrf24l01p.o
 .text.write_register
                0x0800091c       0x60 ./Core/Src/nrf24l01p.o
 .text.nrf24l01p_tx_init
                0x0800097c       0x60 ./Core/Src/nrf24l01p.o
                0x0800097c                nrf24l01p_tx_init
 .text.nrf24l01p_tx_transmit
                0x080009dc       0x22 ./Core/Src/nrf24l01p.o
                0x080009dc                nrf24l01p_tx_transmit
 *fill*         0x080009fe        0x2 
 .text.nrf24l01p_tx_irq
                0x08000a00       0x54 ./Core/Src/nrf24l01p.o
                0x08000a00                nrf24l01p_tx_irq
 .text.nrf24l01p_reset
                0x08000a54       0xa8 ./Core/Src/nrf24l01p.o
                0x08000a54                nrf24l01p_reset
 .text.nrf24l01p_ptx_mode
                0x08000afc       0x2a ./Core/Src/nrf24l01p.o
                0x08000afc                nrf24l01p_ptx_mode
 *fill*         0x08000b26        0x2 
 .text.nrf24l01p_write_tx_fifo
                0x08000b28       0x4c ./Core/Src/nrf24l01p.o
                0x08000b28                nrf24l01p_write_tx_fifo
 .text.nrf24l01p_flush_rx_fifo
                0x08000b74       0x34 ./Core/Src/nrf24l01p.o
                0x08000b74                nrf24l01p_flush_rx_fifo
 .text.nrf24l01p_flush_tx_fifo
                0x08000ba8       0x34 ./Core/Src/nrf24l01p.o
                0x08000ba8                nrf24l01p_flush_tx_fifo
 .text.nrf24l01p_get_status
                0x08000bdc       0x34 ./Core/Src/nrf24l01p.o
                0x08000bdc                nrf24l01p_get_status
 .text.nrf24l01p_clear_tx_ds
                0x08000c10       0x28 ./Core/Src/nrf24l01p.o
                0x08000c10                nrf24l01p_clear_tx_ds
 .text.nrf24l01p_clear_max_rt
                0x08000c38       0x28 ./Core/Src/nrf24l01p.o
                0x08000c38                nrf24l01p_clear_max_rt
 .text.nrf24l01p_power_up
                0x08000c60       0x2a ./Core/Src/nrf24l01p.o
                0x08000c60                nrf24l01p_power_up
 .text.nrf24l01p_set_crc_length
                0x08000c8a       0x46 ./Core/Src/nrf24l01p.o
                0x08000c8a                nrf24l01p_set_crc_length
 .text.nrf24l01p_set_address_widths
                0x08000cd0       0x20 ./Core/Src/nrf24l01p.o
                0x08000cd0                nrf24l01p_set_address_widths
 .text.nrf24l01p_auto_retransmit_count
                0x08000cf0       0x36 ./Core/Src/nrf24l01p.o
                0x08000cf0                nrf24l01p_auto_retransmit_count
 *fill*         0x08000d26        0x2 
 .text.nrf24l01p_auto_retransmit_delay
                0x08000d28       0x50 ./Core/Src/nrf24l01p.o
                0x08000d28                nrf24l01p_auto_retransmit_delay
 .text.nrf24l01p_set_rf_channel
                0x08000d78       0x26 ./Core/Src/nrf24l01p.o
                0x08000d78                nrf24l01p_set_rf_channel
 .text.nrf24l01p_set_rf_tx_output_power
                0x08000d9e       0x3a ./Core/Src/nrf24l01p.o
                0x08000d9e                nrf24l01p_set_rf_tx_output_power
 .text.nrf24l01p_set_rf_air_data_rate
                0x08000dd8       0x52 ./Core/Src/nrf24l01p.o
                0x08000dd8                nrf24l01p_set_rf_air_data_rate
 *fill*         0x08000e2a        0x2 
 .text.MX_SPI1_Init
                0x08000e2c       0x6c ./Core/Src/spi.o
                0x08000e2c                MX_SPI1_Init
 .text.MX_SPI2_Init
                0x08000e98       0x6c ./Core/Src/spi.o
                0x08000e98                MX_SPI2_Init
 .text.HAL_SPI_MspInit
                0x08000f04      0x13c ./Core/Src/spi.o
                0x08000f04                HAL_SPI_MspInit
 .text.HAL_MspInit
                0x08001040       0x50 ./Core/Src/stm32f4xx_hal_msp.o
                0x08001040                HAL_MspInit
 .text.NMI_Handler
                0x08001090        0x8 ./Core/Src/stm32f4xx_it.o
                0x08001090                NMI_Handler
 .text.HardFault_Handler
                0x08001098        0x8 ./Core/Src/stm32f4xx_it.o
                0x08001098                HardFault_Handler
 .text.MemManage_Handler
                0x080010a0        0x8 ./Core/Src/stm32f4xx_it.o
                0x080010a0                MemManage_Handler
 .text.BusFault_Handler
                0x080010a8        0x8 ./Core/Src/stm32f4xx_it.o
                0x080010a8                BusFault_Handler
 .text.UsageFault_Handler
                0x080010b0        0x8 ./Core/Src/stm32f4xx_it.o
                0x080010b0                UsageFault_Handler
 .text.SVC_Handler
                0x080010b8        0xe ./Core/Src/stm32f4xx_it.o
                0x080010b8                SVC_Handler
 .text.DebugMon_Handler
                0x080010c6        0xe ./Core/Src/stm32f4xx_it.o
                0x080010c6                DebugMon_Handler
 .text.PendSV_Handler
                0x080010d4        0xe ./Core/Src/stm32f4xx_it.o
                0x080010d4                PendSV_Handler
 .text.SysTick_Handler
                0x080010e2        0xc ./Core/Src/stm32f4xx_it.o
                0x080010e2                SysTick_Handler
 .text.EXTI1_IRQHandler
                0x080010ee        0xe ./Core/Src/stm32f4xx_it.o
                0x080010ee                EXTI1_IRQHandler
 .text.USART2_IRQHandler
                0x080010fc       0x14 ./Core/Src/stm32f4xx_it.o
                0x080010fc                USART2_IRQHandler
 .text.SystemInit
                0x08001110       0x24 ./Core/Src/system_stm32f4xx.o
                0x08001110                SystemInit
 .text.MX_USART2_UART_Init
                0x08001134       0x54 ./Core/Src/usart.o
                0x08001134                MX_USART2_UART_Init
 .text.HAL_UART_MspInit
                0x08001188       0xa0 ./Core/Src/usart.o
                0x08001188                HAL_UART_MspInit
 .text.Reset_Handler
                0x08001228       0x50 ./Core/Startup/startup_stm32f412retx.o
                0x08001228                Reset_Handler
 .text.Default_Handler
                0x08001278        0x2 ./Core/Startup/startup_stm32f412retx.o
                0x08001278                RTC_Alarm_IRQHandler
                0x08001278                EXTI2_IRQHandler
                0x08001278                TIM8_CC_IRQHandler
                0x08001278                FMPI2C1_EV_IRQHandler
                0x08001278                SPI4_IRQHandler
                0x08001278                TIM1_CC_IRQHandler
                0x08001278                DMA2_Stream5_IRQHandler
                0x08001278                DMA1_Stream5_IRQHandler
                0x08001278                TIM6_IRQHandler
                0x08001278                PVD_IRQHandler
                0x08001278                SDIO_IRQHandler
                0x08001278                TAMP_STAMP_IRQHandler
                0x08001278                CAN2_RX1_IRQHandler
                0x08001278                EXTI3_IRQHandler
                0x08001278                TIM8_TRG_COM_TIM14_IRQHandler
                0x08001278                DFSDM1_FLT1_IRQHandler
                0x08001278                TIM1_UP_TIM10_IRQHandler
                0x08001278                TIM8_UP_TIM13_IRQHandler
                0x08001278                I2C3_ER_IRQHandler
                0x08001278                EXTI0_IRQHandler
                0x08001278                I2C2_EV_IRQHandler
                0x08001278                DMA1_Stream2_IRQHandler
                0x08001278                CAN1_RX0_IRQHandler
                0x08001278                FPU_IRQHandler
                0x08001278                CAN2_SCE_IRQHandler
                0x08001278                DMA2_Stream2_IRQHandler
                0x08001278                SPI1_IRQHandler
                0x08001278                TIM1_BRK_TIM9_IRQHandler
                0x08001278                CAN2_RX0_IRQHandler
                0x08001278                DMA2_Stream3_IRQHandler
                0x08001278                USART6_IRQHandler
                0x08001278                USART3_IRQHandler
                0x08001278                CAN1_RX1_IRQHandler
                0x08001278                DMA2_Stream0_IRQHandler
                0x08001278                TIM4_IRQHandler
                0x08001278                QUADSPI_IRQHandler
                0x08001278                I2C1_EV_IRQHandler
                0x08001278                DMA1_Stream6_IRQHandler
                0x08001278                DMA1_Stream1_IRQHandler
                0x08001278                TIM3_IRQHandler
                0x08001278                RCC_IRQHandler
                0x08001278                TIM8_BRK_TIM12_IRQHandler
                0x08001278                Default_Handler
                0x08001278                EXTI15_10_IRQHandler
                0x08001278                ADC_IRQHandler
                0x08001278                DMA1_Stream7_IRQHandler
                0x08001278                SPI5_IRQHandler
                0x08001278                TIM7_IRQHandler
                0x08001278                CAN2_TX_IRQHandler
                0x08001278                TIM5_IRQHandler
                0x08001278                DMA2_Stream7_IRQHandler
                0x08001278                I2C3_EV_IRQHandler
                0x08001278                EXTI9_5_IRQHandler
                0x08001278                RTC_WKUP_IRQHandler
                0x08001278                SPI2_IRQHandler
                0x08001278                DMA1_Stream0_IRQHandler
                0x08001278                CAN1_TX_IRQHandler
                0x08001278                FMPI2C1_ER_IRQHandler
                0x08001278                EXTI4_IRQHandler
                0x08001278                RNG_IRQHandler
                0x08001278                WWDG_IRQHandler
                0x08001278                TIM2_IRQHandler
                0x08001278                OTG_FS_WKUP_IRQHandler
                0x08001278                TIM1_TRG_COM_TIM11_IRQHandler
                0x08001278                DFSDM1_FLT0_IRQHandler
                0x08001278                I2C2_ER_IRQHandler
                0x08001278                DMA2_Stream1_IRQHandler
                0x08001278                CAN1_SCE_IRQHandler
                0x08001278                FLASH_IRQHandler
                0x08001278                DMA2_Stream4_IRQHandler
                0x08001278                USART1_IRQHandler
                0x08001278                OTG_FS_IRQHandler
                0x08001278                SPI3_IRQHandler
                0x08001278                DMA1_Stream4_IRQHandler
                0x08001278                I2C1_ER_IRQHandler
                0x08001278                DMA2_Stream6_IRQHandler
                0x08001278                DMA1_Stream3_IRQHandler
 *fill*         0x0800127a        0x2 
 .text.HAL_Init
                0x0800127c       0x44 ./Drivers/STM32F4xx_HAL_Driver/Src/stm32f4xx_hal.o
                0x0800127c                HAL_Init
 .text.HAL_InitTick
                0x080012c0       0x60 ./Drivers/STM32F4xx_HAL_Driver/Src/stm32f4xx_hal.o
                0x080012c0                HAL_InitTick
 .text.HAL_IncTick
                0x08001320       0x28 ./Drivers/STM32F4xx_HAL_Driver/Src/stm32f4xx_hal.o
                0x08001320                HAL_IncTick
 .text.HAL_GetTick
                0x08001348       0x18 ./Drivers/STM32F4xx_HAL_Driver/Src/stm32f4xx_hal.o
                0x08001348                HAL_GetTick
 .text.HAL_Delay
                0x08001360       0x48 ./Drivers/STM32F4xx_HAL_Driver/Src/stm32f4xx_hal.o
                0x08001360                HAL_Delay
 .text.__NVIC_SetPriorityGrouping
                0x080013a8       0x48 ./Drivers/STM32F4xx_HAL_Driver/Src/stm32f4xx_hal_cortex.o
 .text.__NVIC_GetPriorityGrouping
                0x080013f0       0x1c ./Drivers/STM32F4xx_HAL_Driver/Src/stm32f4xx_hal_cortex.o
 .text.__NVIC_EnableIRQ
                0x0800140c       0x3c ./Drivers/STM32F4xx_HAL_Driver/Src/stm32f4xx_hal_cortex.o
 .text.__NVIC_SetPriority
                0x08001448       0x54 ./Drivers/STM32F4xx_HAL_Driver/Src/stm32f4xx_hal_cortex.o
 .text.NVIC_EncodePriority
                0x0800149c       0x66 ./Drivers/STM32F4xx_HAL_Driver/Src/stm32f4xx_hal_cortex.o
 *fill*         0x08001502        0x2 
 .text.SysTick_Config
                0x08001504       0x44 ./Drivers/STM32F4xx_HAL_Driver/Src/stm32f4xx_hal_cortex.o
 .text.HAL_NVIC_SetPriorityGrouping
                0x08001548       0x16 ./Drivers/STM32F4xx_HAL_Driver/Src/stm32f4xx_hal_cortex.o
                0x08001548                HAL_NVIC_SetPriorityGrouping
 .text.HAL_NVIC_SetPriority
                0x0800155e       0x38 ./Drivers/STM32F4xx_HAL_Driver/Src/stm32f4xx_hal_cortex.o
                0x0800155e                HAL_NVIC_SetPriority
 .text.HAL_NVIC_EnableIRQ
                0x08001596       0x1c ./Drivers/STM32F4xx_HAL_Driver/Src/stm32f4xx_hal_cortex.o
                0x08001596                HAL_NVIC_EnableIRQ
 .text.HAL_SYSTICK_Config
                0x080015b2       0x18 ./Drivers/STM32F4xx_HAL_Driver/Src/stm32f4xx_hal_cortex.o
                0x080015b2                HAL_SYSTICK_Config
 .text.HAL_DMA_Abort
                0x080015ca       0xe0 ./Drivers/STM32F4xx_HAL_Driver/Src/stm32f4xx_hal_dma.o
                0x080015ca                HAL_DMA_Abort
 .text.HAL_DMA_Abort_IT
                0x080016aa       0x44 ./Drivers/STM32F4xx_HAL_Driver/Src/stm32f4xx_hal_dma.o
                0x080016aa                HAL_DMA_Abort_IT
 *fill*         0x080016ee        0x2 
 .text.HAL_GPIO_Init
                0x080016f0      0x2f8 ./Drivers/STM32F4xx_HAL_Driver/Src/stm32f4xx_hal_gpio.o
                0x080016f0                HAL_GPIO_Init
 .text.HAL_GPIO_ReadPin
                0x080019e8       0x30 ./Drivers/STM32F4xx_HAL_Driver/Src/stm32f4xx_hal_gpio.o
                0x080019e8                HAL_GPIO_ReadPin
 .text.HAL_GPIO_WritePin
                0x08001a18       0x32 ./Drivers/STM32F4xx_HAL_Driver/Src/stm32f4xx_hal_gpio.o
                0x08001a18                HAL_GPIO_WritePin
 .text.HAL_GPIO_TogglePin
                0x08001a4a       0x34 ./Drivers/STM32F4xx_HAL_Driver/Src/stm32f4xx_hal_gpio.o
                0x08001a4a                HAL_GPIO_TogglePin
 *fill*         0x08001a7e        0x2 
 .text.HAL_GPIO_EXTI_IRQHandler
                0x08001a80       0x30 ./Drivers/STM32F4xx_HAL_Driver/Src/stm32f4xx_hal_gpio.o
                0x08001a80                HAL_GPIO_EXTI_IRQHandler
 .text.HAL_RCC_ClockConfig
                0x08001ab0      0x1cc ./Drivers/STM32F4xx_HAL_Driver/Src/stm32f4xx_hal_rcc.o
                0x08001ab0                HAL_RCC_ClockConfig
 .text.HAL_RCC_GetSysClockFreq
                0x08001c7c      0x20c ./Drivers/STM32F4xx_HAL_Driver/Src/stm32f4xx_hal_rcc.o
                0x08001c7c                HAL_RCC_GetSysClockFreq
 .text.HAL_RCC_GetHCLKFreq
                0x08001e88       0x18 ./Drivers/STM32F4xx_HAL_Driver/Src/stm32f4xx_hal_rcc.o
                0x08001e88                HAL_RCC_GetHCLKFreq
 .text.HAL_RCC_GetPCLK1Freq
                0x08001ea0       0x28 ./Drivers/STM32F4xx_HAL_Driver/Src/stm32f4xx_hal_rcc.o
                0x08001ea0                HAL_RCC_GetPCLK1Freq
 .text.HAL_RCC_GetPCLK2Freq
                0x08001ec8       0x28 ./Drivers/STM32F4xx_HAL_Driver/Src/stm32f4xx_hal_rcc.o
                0x08001ec8                HAL_RCC_GetPCLK2Freq
 .text.HAL_RCC_OscConfig
                0x08001ef0      0x508 ./Drivers/STM32F4xx_HAL_Driver/Src/stm32f4xx_hal_rcc_ex.o
                0x08001ef0                HAL_RCC_OscConfig
 .text.HAL_SPI_Init
                0x080023f8      0x112 ./Drivers/STM32F4xx_HAL_Driver/Src/stm32f4xx_hal_spi.o
                0x080023f8                HAL_SPI_Init
 .text.HAL_SPI_Transmit
                0x0800250a      0x288 ./Drivers/STM32F4xx_HAL_Driver/Src/stm32f4xx_hal_spi.o
                0x0800250a                HAL_SPI_Transmit
 .text.HAL_SPI_Receive
                0x08002792      0x232 ./Drivers/STM32F4xx_HAL_Driver/Src/stm32f4xx_hal_spi.o
                0x08002792                HAL_SPI_Receive
 .text.HAL_SPI_TransmitReceive
                0x080029c4      0x352 ./Drivers/STM32F4xx_HAL_Driver/Src/stm32f4xx_hal_spi.o
                0x080029c4                HAL_SPI_TransmitReceive
 *fill*         0x08002d16        0x2 
 .text.SPI_WaitFlagStateUntilTimeout
                0x08002d18      0x110 ./Drivers/STM32F4xx_HAL_Driver/Src/stm32f4xx_hal_spi.o
 .text.SPI_EndRxTransaction
                0x08002e28       0xca ./Drivers/STM32F4xx_HAL_Driver/Src/stm32f4xx_hal_spi.o
 *fill*         0x08002ef2        0x2 
 .text.SPI_EndRxTxTransaction
                0x08002ef4       0xa8 ./Drivers/STM32F4xx_HAL_Driver/Src/stm32f4xx_hal_spi.o
 .text.HAL_UART_Init
                0x08002f9c       0xa0 ./Drivers/STM32F4xx_HAL_Driver/Src/stm32f4xx_hal_uart.o
                0x08002f9c                HAL_UART_Init
 .text.HAL_UART_Transmit
                0x0800303c      0x116 ./Drivers/STM32F4xx_HAL_Driver/Src/stm32f4xx_hal_uart.o
                0x0800303c                HAL_UART_Transmit
 *fill*         0x08003152        0x2 
 .text.HAL_UART_IRQHandler
                0x08003154      0x524 ./Drivers/STM32F4xx_HAL_Driver/Src/stm32f4xx_hal_uart.o
                0x08003154                HAL_UART_IRQHandler
 .text.HAL_UART_TxCpltCallback
                0x08003678       0x14 ./Drivers/STM32F4xx_HAL_Driver/Src/stm32f4xx_hal_uart.o
                0x08003678                HAL_UART_TxCpltCallback
 .text.HAL_UART_RxCpltCallback
                0x0800368c       0x14 ./Drivers/STM32F4xx_HAL_Driver/Src/stm32f4xx_hal_uart.o
                0x0800368c                HAL_UART_RxCpltCallback
 .text.HAL_UART_ErrorCallback
                0x080036a0       0x14 ./Drivers/STM32F4xx_HAL_Driver/Src/stm32f4xx_hal_uart.o
                0x080036a0                HAL_UART_ErrorCallback
 .text.HAL_UARTEx_RxEventCallback
                0x080036b4       0x18 ./Drivers/STM32F4xx_HAL_Driver/Src/stm32f4xx_hal_uart.o
                0x080036b4                HAL_UARTEx_RxEventCallback
 .text.UART_WaitOnFlagUntilTimeout
                0x080036cc       0xb2 ./Drivers/STM32F4xx_HAL_Driver/Src/stm32f4xx_hal_uart.o
 .text.UART_EndRxTransfer
                0x0800377e       0xc6 ./Drivers/STM32F4xx_HAL_Driver/Src/stm32f4xx_hal_uart.o
 .text.UART_DMAAbortOnError
                0x08003844       0x28 ./Drivers/STM32F4xx_HAL_Driver/Src/stm32f4xx_hal_uart.o
 .text.UART_Transmit_IT
                0x0800386c       0xa0 ./Drivers/STM32F4xx_HAL_Driver/Src/stm32f4xx_hal_uart.o
 .text.UART_EndTransmit_IT
                0x0800390c       0x30 ./Drivers/STM32F4xx_HAL_Driver/Src/stm32f4xx_hal_uart.o
 .text.UART_Receive_IT
                0x0800393c      0x17c ./Drivers/STM32F4xx_HAL_Driver/Src/stm32f4xx_hal_uart.o
 .text.UART_SetConfig
                0x08003ab8      0x4e8 ./Drivers/STM32F4xx_HAL_Driver/Src/stm32f4xx_hal_uart.o
 .text.memset   0x08003fa0       0x10 D:/ST/STM32CubeIDE_1.16.0/STM32CubeIDE/plugins/com.st.stm32cube.ide.mcu.externaltools.gnu-tools-for-stm32.12.3.rel1.win32_1.0.200.202406191623/tools/bin/../lib/gcc/arm-none-eabi/12.3.1/../../../../arm-none-eabi/lib/thumb/v7e-m+fp/hard\libc_nano.a(libc_a-memset.o)
                0x08003fa0                memset
 .text.__libc_init_array
                0x08003fb0       0x48 D:/ST/STM32CubeIDE_1.16.0/STM32CubeIDE/plugins/com.st.stm32cube.ide.mcu.externaltools.gnu-tools-for-stm32.12.3.rel1.win32_1.0.200.202406191623/tools/bin/../lib/gcc/arm-none-eabi/12.3.1/../../../../arm-none-eabi/lib/thumb/v7e-m+fp/hard\libc_nano.a(libc_a-init.o)
                0x08003fb0                __libc_init_array
 *(.glue_7)
 .glue_7        0x08003ff8        0x0 linker stubs
 *(.glue_7t)
 .glue_7t       0x08003ff8        0x0 linker stubs
 *(.eh_frame)
 .eh_frame      0x08003ff8        0x0 D:/ST/STM32CubeIDE_1.16.0/STM32CubeIDE/plugins/com.st.stm32cube.ide.mcu.externaltools.gnu-tools-for-stm32.12.3.rel1.win32_1.0.200.202406191623/tools/bin/../lib/gcc/arm-none-eabi/12.3.1/thumb/v7e-m+fp/hard/crtbegin.o
 *(.init)
 .init          0x08003ff8        0x4 D:/ST/STM32CubeIDE_1.16.0/STM32CubeIDE/plugins/com.st.stm32cube.ide.mcu.externaltools.gnu-tools-for-stm32.12.3.rel1.win32_1.0.200.202406191623/tools/bin/../lib/gcc/arm-none-eabi/12.3.1/thumb/v7e-m+fp/hard/crti.o
                0x08003ff8                _init
 .init          0x08003ffc        0x8 D:/ST/STM32CubeIDE_1.16.0/STM32CubeIDE/plugins/com.st.stm32cube.ide.mcu.externaltools.gnu-tools-for-stm32.12.3.rel1.win32_1.0.200.202406191623/tools/bin/../lib/gcc/arm-none-eabi/12.3.1/thumb/v7e-m+fp/hard/crtn.o
 *(.fini)
 .fini          0x08004004        0x4 D:/ST/STM32CubeIDE_1.16.0/STM32CubeIDE/plugins/com.st.stm32cube.ide.mcu.externaltools.gnu-tools-for-stm32.12.3.rel1.win32_1.0.200.202406191623/tools/bin/../lib/gcc/arm-none-eabi/12.3.1/thumb/v7e-m+fp/hard/crti.o
                0x08004004                _fini
 .fini          0x08004008        0x8 D:/ST/STM32CubeIDE_1.16.0/STM32CubeIDE/plugins/com.st.stm32cube.ide.mcu.externaltools.gnu-tools-for-stm32.12.3.rel1.win32_1.0.200.202406191623/tools/bin/../lib/gcc/arm-none-eabi/12.3.1/thumb/v7e-m+fp/hard/crtn.o
                0x08004010                        . = ALIGN (0x4)
                0x08004010                        _etext = .

.vfp11_veneer   0x08004010        0x0
 .vfp11_veneer  0x08004010        0x0 linker stubs

.v4_bx          0x08004010        0x0
 .v4_bx         0x08004010        0x0 linker stubs

.iplt           0x08004010        0x0
 .iplt          0x08004010        0x0 D:/ST/STM32CubeIDE_1.16.0/STM32CubeIDE/plugins/com.st.stm32cube.ide.mcu.externaltools.gnu-tools-for-stm32.12.3.rel1.win32_1.0.200.202406191623/tools/bin/../lib/gcc/arm-none-eabi/12.3.1/thumb/v7e-m+fp/hard/crtbegin.o

.rodata         0x08004010       0x18
                0x08004010                        . = ALIGN (0x4)
 *(.rodata)
 *(.rodata*)
 .rodata.AHBPrescTable
                0x08004010       0x10 ./Core/Src/system_stm32f4xx.o
                0x08004010                AHBPrescTable
 .rodata.APBPrescTable
                0x08004020        0x8 ./Core/Src/system_stm32f4xx.o
                0x08004020                APBPrescTable
                0x08004028                        . = ALIGN (0x4)

.ARM.extab      0x08004028        0x0
                0x08004028                        . = ALIGN (0x4)
 *(.ARM.extab* .gnu.linkonce.armextab.*)
                0x08004028                        . = ALIGN (0x4)

.ARM            0x08004028        0x8
                0x08004028                        . = ALIGN (0x4)
                0x08004028                        __exidx_start = .
 *(.ARM.exidx*)
 .ARM.exidx     0x08004028        0x8 D:/ST/STM32CubeIDE_1.16.0/STM32CubeIDE/plugins/com.st.stm32cube.ide.mcu.externaltools.gnu-tools-for-stm32.12.3.rel1.win32_1.0.200.202406191623/tools/bin/../lib/gcc/arm-none-eabi/12.3.1/thumb/v7e-m+fp/hard\libgcc.a(_udivmoddi4.o)
                0x08004030                        __exidx_end = .
                0x08004030                        . = ALIGN (0x4)

.preinit_array  0x08004030        0x0
                0x08004030                        . = ALIGN (0x4)
                0x08004030                        PROVIDE (__preinit_array_start = .)
 *(.preinit_array*)
                0x08004030                        PROVIDE (__preinit_array_end = .)
                0x08004030                        . = ALIGN (0x4)

.init_array     0x08004030        0x4
                0x08004030                        . = ALIGN (0x4)
                0x08004030                        PROVIDE (__init_array_start = .)
 *(SORT_BY_NAME(.init_array.*))
 *(.init_array*)
 .init_array    0x08004030        0x4 D:/ST/STM32CubeIDE_1.16.0/STM32CubeIDE/plugins/com.st.stm32cube.ide.mcu.externaltools.gnu-tools-for-stm32.12.3.rel1.win32_1.0.200.202406191623/tools/bin/../lib/gcc/arm-none-eabi/12.3.1/thumb/v7e-m+fp/hard/crtbegin.o
                0x08004034                        PROVIDE (__init_array_end = .)
                0x08004034                        . = ALIGN (0x4)

.fini_array     0x08004034        0x4
                0x08004034                        . = ALIGN (0x4)
                [!provide]                        PROVIDE (__fini_array_start = .)
 *(SORT_BY_NAME(.fini_array.*))
 *(.fini_array*)
 .fini_array    0x08004034        0x4 D:/ST/STM32CubeIDE_1.16.0/STM32CubeIDE/plugins/com.st.stm32cube.ide.mcu.externaltools.gnu-tools-for-stm32.12.3.rel1.win32_1.0.200.202406191623/tools/bin/../lib/gcc/arm-none-eabi/12.3.1/thumb/v7e-m+fp/hard/crtbegin.o
                [!provide]                        PROVIDE (__fini_array_end = .)
                0x08004038                        . = ALIGN (0x4)
                0x08004038                        _sidata = LOADADDR (.data)

.rel.dyn        0x08004038        0x0
 .rel.iplt      0x08004038        0x0 D:/ST/STM32CubeIDE_1.16.0/STM32CubeIDE/plugins/com.st.stm32cube.ide.mcu.externaltools.gnu-tools-for-stm32.12.3.rel1.win32_1.0.200.202406191623/tools/bin/../lib/gcc/arm-none-eabi/12.3.1/thumb/v7e-m+fp/hard/crtbegin.o

.data           0x20000000       0x1c load address 0x08004038
                0x20000000                        . = ALIGN (0x4)
                0x20000000                        _sdata = .
 *(.data)
 *(.data*)
 .data.rx_data  0x20000000        0x8 ./Core/Src/main.o
                0x20000000                rx_data
 .data.tx_data  0x20000008        0x8 ./Core/Src/main.o
                0x20000008                tx_data
 .data.SystemCoreClock
                0x20000010        0x4 ./Core/Src/system_stm32f4xx.o
                0x20000010                SystemCoreClock
 .data.uwTickPrio
                0x20000014        0x4 ./Drivers/STM32F4xx_HAL_Driver/Src/stm32f4xx_hal.o
                0x20000014                uwTickPrio
 .data.uwTickFreq
                0x20000018        0x1 ./Drivers/STM32F4xx_HAL_Driver/Src/stm32f4xx_hal.o
                0x20000018                uwTickFreq
 *(.RamFunc)
 *(.RamFunc*)
                0x2000001c                        . = ALIGN (0x4)
 *fill*         0x20000019        0x3 
                0x2000001c                        _edata = .

.igot.plt       0x2000001c        0x0 load address 0x08004054
 .igot.plt      0x2000001c        0x0 D:/ST/STM32CubeIDE_1.16.0/STM32CubeIDE/plugins/com.st.stm32cube.ide.mcu.externaltools.gnu-tools-for-stm32.12.3.rel1.win32_1.0.200.202406191623/tools/bin/../lib/gcc/arm-none-eabi/12.3.1/thumb/v7e-m+fp/hard/crtbegin.o
                0x2000001c                        . = ALIGN (0x4)

.bss            0x2000001c      0x134 load address 0x08004054
                0x2000001c                        _sbss = .
                0x2000001c                        __bss_start__ = _sbss
 *(.bss)
 .bss           0x2000001c       0x1c D:/ST/STM32CubeIDE_1.16.0/STM32CubeIDE/plugins/com.st.stm32cube.ide.mcu.externaltools.gnu-tools-for-stm32.12.3.rel1.win32_1.0.200.202406191623/tools/bin/../lib/gcc/arm-none-eabi/12.3.1/thumb/v7e-m+fp/hard/crtbegin.o
 *(.bss*)
 .bss.NRF24L01P_SPI
                0x20000038        0x4 ./Core/Src/nrf24l01p.o
                0x20000038                NRF24L01P_SPI
 .bss.NRF24L01P_SPI_CS_PIN_PORT
                0x2000003c        0x4 ./Core/Src/nrf24l01p.o
                0x2000003c                NRF24L01P_SPI_CS_PIN_PORT
 .bss.NRF24L01P_SPI_CS_PIN_NUMBER
                0x20000040        0x2 ./Core/Src/nrf24l01p.o
                0x20000040                NRF24L01P_SPI_CS_PIN_NUMBER
 *fill*         0x20000042        0x2 
 .bss.NRF24L01P_CE_PIN_PORT
                0x20000044        0x4 ./Core/Src/nrf24l01p.o
                0x20000044                NRF24L01P_CE_PIN_PORT
 .bss.NRF24L01P_CE_PIN_NUMBER
                0x20000048        0x2 ./Core/Src/nrf24l01p.o
                0x20000048                NRF24L01P_CE_PIN_NUMBER
 *fill*         0x2000004a        0x2 
 .bss.NRF24L01P_IRQ_PIN_PORT
                0x2000004c        0x4 ./Core/Src/nrf24l01p.o
                0x2000004c                NRF24L01P_IRQ_PIN_PORT
 .bss.NRF24L01P_IRQ_PIN_NUMBER
                0x20000050        0x2 ./Core/Src/nrf24l01p.o
                0x20000050                NRF24L01P_IRQ_PIN_NUMBER
 *fill*         0x20000052        0x2 
 .bss.hspi1     0x20000054       0x58 ./Core/Src/spi.o
                0x20000054                hspi1
 .bss.hspi2     0x200000ac       0x58 ./Core/Src/spi.o
                0x200000ac                hspi2
 .bss.huart2    0x20000104       0x48 ./Core/Src/usart.o
                0x20000104                huart2
 .bss.uwTick    0x2000014c        0x4 ./Drivers/STM32F4xx_HAL_Driver/Src/stm32f4xx_hal.o
                0x2000014c                uwTick
 *(COMMON)
                0x20000150                        . = ALIGN (0x4)
                0x20000150                        _ebss = .
                0x20000150                        __bss_end__ = _ebss

._user_heap_stack
                0x20000150      0x600 load address 0x08004054
                0x20000150                        . = ALIGN (0x8)
                [!provide]                        PROVIDE (end = .)
                0x20000150                        PROVIDE (_end = .)
                0x20000350                        . = (. + _Min_Heap_Size)
 *fill*         0x20000150      0x200 
                0x20000750                        . = (. + _Min_Stack_Size)
 *fill*         0x20000350      0x400 
                0x20000750                        . = ALIGN (0x8)

/DISCARD/
 libc.a(*)
 libm.a(*)
 libgcc.a(*)

.ARM.attributes
                0x00000000       0x30
 *(.ARM.attributes)
 .ARM.attributes
                0x00000000       0x22 D:/ST/STM32CubeIDE_1.16.0/STM32CubeIDE/plugins/com.st.stm32cube.ide.mcu.externaltools.gnu-tools-for-stm32.12.3.rel1.win32_1.0.200.202406191623/tools/bin/../lib/gcc/arm-none-eabi/12.3.1/thumb/v7e-m+fp/hard/crti.o
 .ARM.attributes
                0x00000022       0x34 D:/ST/STM32CubeIDE_1.16.0/STM32CubeIDE/plugins/com.st.stm32cube.ide.mcu.externaltools.gnu-tools-for-stm32.12.3.rel1.win32_1.0.200.202406191623/tools/bin/../lib/gcc/arm-none-eabi/12.3.1/thumb/v7e-m+fp/hard/crtbegin.o
 .ARM.attributes
                0x00000056       0x34 ./Core/Src/gpio.o
 .ARM.attributes
                0x0000008a       0x34 ./Core/Src/main.o
 .ARM.attributes
                0x000000be       0x34 ./Core/Src/nrf24l01p.o
 .ARM.attributes
                0x000000f2       0x34 ./Core/Src/spi.o
 .ARM.attributes
                0x00000126       0x34 ./Core/Src/stm32f4xx_hal_msp.o
 .ARM.attributes
                0x0000015a       0x34 ./Core/Src/stm32f4xx_it.o
 .ARM.attributes
                0x0000018e       0x34 ./Core/Src/system_stm32f4xx.o
 .ARM.attributes
                0x000001c2       0x34 ./Core/Src/usart.o
 .ARM.attributes
                0x000001f6       0x21 ./Core/Startup/startup_stm32f412retx.o
 .ARM.attributes
                0x00000217       0x34 ./Drivers/STM32F4xx_HAL_Driver/Src/stm32f4xx_hal.o
 .ARM.attributes
                0x0000024b       0x34 ./Drivers/STM32F4xx_HAL_Driver/Src/stm32f4xx_hal_cortex.o
 .ARM.attributes
                0x0000027f       0x34 ./Drivers/STM32F4xx_HAL_Driver/Src/stm32f4xx_hal_dma.o
 .ARM.attributes
                0x000002b3       0x34 ./Drivers/STM32F4xx_HAL_Driver/Src/stm32f4xx_hal_gpio.o
 .ARM.attributes
                0x000002e7       0x34 ./Drivers/STM32F4xx_HAL_Driver/Src/stm32f4xx_hal_rcc.o
 .ARM.attributes
                0x0000031b       0x34 ./Drivers/STM32F4xx_HAL_Driver/Src/stm32f4xx_hal_rcc_ex.o
 .ARM.attributes
                0x0000034f       0x34 ./Drivers/STM32F4xx_HAL_Driver/Src/stm32f4xx_hal_spi.o
 .ARM.attributes
                0x00000383       0x34 ./Drivers/STM32F4xx_HAL_Driver/Src/stm32f4xx_hal_uart.o
 .ARM.attributes
                0x000003b7       0x34 D:/ST/STM32CubeIDE_1.16.0/STM32CubeIDE/plugins/com.st.stm32cube.ide.mcu.externaltools.gnu-tools-for-stm32.12.3.rel1.win32_1.0.200.202406191623/tools/bin/../lib/gcc/arm-none-eabi/12.3.1/../../../../arm-none-eabi/lib/thumb/v7e-m+fp/hard\libc_nano.a(libc_a-memset.o)
 .ARM.attributes
                0x000003eb       0x34 D:/ST/STM32CubeIDE_1.16.0/STM32CubeIDE/plugins/com.st.stm32cube.ide.mcu.externaltools.gnu-tools-for-stm32.12.3.rel1.win32_1.0.200.202406191623/tools/bin/../lib/gcc/arm-none-eabi/12.3.1/../../../../arm-none-eabi/lib/thumb/v7e-m+fp/hard\libc_nano.a(libc_a-init.o)
 .ARM.attributes
                0x0000041f       0x22 D:/ST/STM32CubeIDE_1.16.0/STM32CubeIDE/plugins/com.st.stm32cube.ide.mcu.externaltools.gnu-tools-for-stm32.12.3.rel1.win32_1.0.200.202406191623/tools/bin/../lib/gcc/arm-none-eabi/12.3.1/thumb/v7e-m+fp/hard\libgcc.a(_aeabi_uldivmod.o)
 .ARM.attributes
                0x00000441       0x34 D:/ST/STM32CubeIDE_1.16.0/STM32CubeIDE/plugins/com.st.stm32cube.ide.mcu.externaltools.gnu-tools-for-stm32.12.3.rel1.win32_1.0.200.202406191623/tools/bin/../lib/gcc/arm-none-eabi/12.3.1/thumb/v7e-m+fp/hard\libgcc.a(_udivmoddi4.o)
 .ARM.attributes
                0x00000475       0x22 D:/ST/STM32CubeIDE_1.16.0/STM32CubeIDE/plugins/com.st.stm32cube.ide.mcu.externaltools.gnu-tools-for-stm32.12.3.rel1.win32_1.0.200.202406191623/tools/bin/../lib/gcc/arm-none-eabi/12.3.1/thumb/v7e-m+fp/hard\libgcc.a(_dvmd_tls.o)
 .ARM.attributes
                0x00000497       0x22 D:/ST/STM32CubeIDE_1.16.0/STM32CubeIDE/plugins/com.st.stm32cube.ide.mcu.externaltools.gnu-tools-for-stm32.12.3.rel1.win32_1.0.200.202406191623/tools/bin/../lib/gcc/arm-none-eabi/12.3.1/thumb/v7e-m+fp/hard/crtn.o
OUTPUT(reciever.elf elf32-littlearm)
LOAD linker stubs
LOAD D:/ST/STM32CubeIDE_1.16.0/STM32CubeIDE/plugins/com.st.stm32cube.ide.mcu.externaltools.gnu-tools-for-stm32.12.3.rel1.win32_1.0.200.202406191623/tools/bin/../lib/gcc/arm-none-eabi/12.3.1/../../../../arm-none-eabi/lib/thumb/v7e-m+fp/hard\libc.a
LOAD D:/ST/STM32CubeIDE_1.16.0/STM32CubeIDE/plugins/com.st.stm32cube.ide.mcu.externaltools.gnu-tools-for-stm32.12.3.rel1.win32_1.0.200.202406191623/tools/bin/../lib/gcc/arm-none-eabi/12.3.1/../../../../arm-none-eabi/lib/thumb/v7e-m+fp/hard\libm.a
LOAD D:/ST/STM32CubeIDE_1.16.0/STM32CubeIDE/plugins/com.st.stm32cube.ide.mcu.externaltools.gnu-tools-for-stm32.12.3.rel1.win32_1.0.200.202406191623/tools/bin/../lib/gcc/arm-none-eabi/12.3.1/thumb/v7e-m+fp/hard\libgcc.a

.debug_info     0x00000000     0xc0bc
 .debug_info    0x00000000      0x680 ./Core/Src/gpio.o
 .debug_info    0x00000680      0xbf2 ./Core/Src/main.o
 .debug_info    0x00001272      0xe51 ./Core/Src/nrf24l01p.o
 .debug_info    0x000020c3      0x9f1 ./Core/Src/spi.o
 .debug_info    0x00002ab4      0x299 ./Core/Src/stm32f4xx_hal_msp.o
 .debug_info    0x00002d4d      0x65b ./Core/Src/stm32f4xx_it.o
 .debug_info    0x000033a8      0x54a ./Core/Src/system_stm32f4xx.o
 .debug_info    0x000038f2      0xbab ./Core/Src/usart.o
 .debug_info    0x0000449d       0x30 ./Core/Startup/startup_stm32f412retx.o
 .debug_info    0x000044cd      0x96a ./Drivers/STM32F4xx_HAL_Driver/Src/stm32f4xx_hal.o
 .debug_info    0x00004e37      0xd7a ./Drivers/STM32F4xx_HAL_Driver/Src/stm32f4xx_hal_cortex.o
 .debug_info    0x00005bb1      0x8e7 ./Drivers/STM32F4xx_HAL_Driver/Src/stm32f4xx_hal_dma.o
 .debug_info    0x00006498      0x70b ./Drivers/STM32F4xx_HAL_Driver/Src/stm32f4xx_hal_gpio.o
 .debug_info    0x00006ba3      0x8eb ./Drivers/STM32F4xx_HAL_Driver/Src/stm32f4xx_hal_rcc.o
 .debug_info    0x0000748e      0x7ba ./Drivers/STM32F4xx_HAL_Driver/Src/stm32f4xx_hal_rcc_ex.o
 .debug_info    0x00007c48     0x1525 ./Drivers/STM32F4xx_HAL_Driver/Src/stm32f4xx_hal_spi.o
 .debug_info    0x0000916d     0x2f4f ./Drivers/STM32F4xx_HAL_Driver/Src/stm32f4xx_hal_uart.o

.debug_abbrev   0x00000000     0x223f
 .debug_abbrev  0x00000000      0x174 ./Core/Src/gpio.o
 .debug_abbrev  0x00000174      0x269 ./Core/Src/main.o
 .debug_abbrev  0x000003dd      0x31d ./Core/Src/nrf24l01p.o
 .debug_abbrev  0x000006fa      0x200 ./Core/Src/spi.o
 .debug_abbrev  0x000008fa       0xd8 ./Core/Src/stm32f4xx_hal_msp.o
 .debug_abbrev  0x000009d2      0x18a ./Core/Src/stm32f4xx_it.o
 .debug_abbrev  0x00000b5c      0x11a ./Core/Src/system_stm32f4xx.o
 .debug_abbrev  0x00000c76      0x218 ./Core/Src/usart.o
 .debug_abbrev  0x00000e8e       0x24 ./Core/Startup/startup_stm32f412retx.o
 .debug_abbrev  0x00000eb2      0x214 ./Drivers/STM32F4xx_HAL_Driver/Src/stm32f4xx_hal.o
 .debug_abbrev  0x000010c6      0x31d ./Drivers/STM32F4xx_HAL_Driver/Src/stm32f4xx_hal_cortex.o
 .debug_abbrev  0x000013e3      0x264 ./Drivers/STM32F4xx_HAL_Driver/Src/stm32f4xx_hal_dma.o
 .debug_abbrev  0x00001647      0x1d4 ./Drivers/STM32F4xx_HAL_Driver/Src/stm32f4xx_hal_gpio.o
 .debug_abbrev  0x0000181b      0x2b7 ./Drivers/STM32F4xx_HAL_Driver/Src/stm32f4xx_hal_rcc.o
 .debug_abbrev  0x00001ad2      0x1e5 ./Drivers/STM32F4xx_HAL_Driver/Src/stm32f4xx_hal_rcc_ex.o
 .debug_abbrev  0x00001cb7      0x27a ./Drivers/STM32F4xx_HAL_Driver/Src/stm32f4xx_hal_spi.o
 .debug_abbrev  0x00001f31      0x30e ./Drivers/STM32F4xx_HAL_Driver/Src/stm32f4xx_hal_uart.o

.debug_aranges  0x00000000      0xa90
 .debug_aranges
                0x00000000       0x20 ./Core/Src/gpio.o
 .debug_aranges
                0x00000020       0x38 ./Core/Src/main.o
 .debug_aranges
                0x00000058      0x128 ./Core/Src/nrf24l01p.o
 .debug_aranges
                0x00000180       0x38 ./Core/Src/spi.o
 .debug_aranges
                0x000001b8       0x20 ./Core/Src/stm32f4xx_hal_msp.o
 .debug_aranges
                0x000001d8       0x70 ./Core/Src/stm32f4xx_it.o
 .debug_aranges
                0x00000248       0x28 ./Core/Src/system_stm32f4xx.o
 .debug_aranges
                0x00000270       0x30 ./Core/Src/usart.o
 .debug_aranges
                0x000002a0       0x28 ./Core/Startup/startup_stm32f412retx.o
 .debug_aranges
                0x000002c8       0xf0 ./Drivers/STM32F4xx_HAL_Driver/Src/stm32f4xx_hal.o
 .debug_aranges
                0x000003b8      0x130 ./Drivers/STM32F4xx_HAL_Driver/Src/stm32f4xx_hal_cortex.o
 .debug_aranges
                0x000004e8       0x90 ./Drivers/STM32F4xx_HAL_Driver/Src/stm32f4xx_hal_dma.o
 .debug_aranges
                0x00000578       0x58 ./Drivers/STM32F4xx_HAL_Driver/Src/stm32f4xx_hal_gpio.o
 .debug_aranges
                0x000005d0       0x88 ./Drivers/STM32F4xx_HAL_Driver/Src/stm32f4xx_hal_rcc.o
 .debug_aranges
                0x00000658       0x60 ./Drivers/STM32F4xx_HAL_Driver/Src/stm32f4xx_hal_rcc_ex.o
 .debug_aranges
                0x000006b8      0x1d0 ./Drivers/STM32F4xx_HAL_Driver/Src/stm32f4xx_hal_spi.o
 .debug_aranges
                0x00000888      0x208 ./Drivers/STM32F4xx_HAL_Driver/Src/stm32f4xx_hal_uart.o

.debug_rnglists
                0x00000000      0x80a
 .debug_rnglists
                0x00000000       0x14 ./Core/Src/gpio.o
 .debug_rnglists
                0x00000014       0x27 ./Core/Src/main.o
 .debug_rnglists
                0x0000003b       0xdb ./Core/Src/nrf24l01p.o
 .debug_rnglists
                0x00000116       0x26 ./Core/Src/spi.o
 .debug_rnglists
                0x0000013c       0x13 ./Core/Src/stm32f4xx_hal_msp.o
 .debug_rnglists
                0x0000014f       0x4f ./Core/Src/stm32f4xx_it.o
 .debug_rnglists
                0x0000019e       0x1a ./Core/Src/system_stm32f4xx.o
 .debug_rnglists
                0x000001b8       0x20 ./Core/Src/usart.o
 .debug_rnglists
                0x000001d8       0x19 ./Core/Startup/startup_stm32f412retx.o
 .debug_rnglists
                0x000001f1       0xaf ./Drivers/STM32F4xx_HAL_Driver/Src/stm32f4xx_hal.o
 .debug_rnglists
                0x000002a0       0xe0 ./Drivers/STM32F4xx_HAL_Driver/Src/stm32f4xx_hal_cortex.o
 .debug_rnglists
                0x00000380       0x70 ./Drivers/STM32F4xx_HAL_Driver/Src/stm32f4xx_hal_dma.o
 .debug_rnglists
                0x000003f0       0x3f ./Drivers/STM32F4xx_HAL_Driver/Src/stm32f4xx_hal_gpio.o
 .debug_rnglists
                0x0000042f       0x66 ./Drivers/STM32F4xx_HAL_Driver/Src/stm32f4xx_hal_rcc.o
 .debug_rnglists
                0x00000495       0x4a ./Drivers/STM32F4xx_HAL_Driver/Src/stm32f4xx_hal_rcc_ex.o
 .debug_rnglists
                0x000004df      0x16f ./Drivers/STM32F4xx_HAL_Driver/Src/stm32f4xx_hal_spi.o
 .debug_rnglists
                0x0000064e      0x1bc ./Drivers/STM32F4xx_HAL_Driver/Src/stm32f4xx_hal_uart.o

.debug_macro    0x00000000    0x1ec43
 .debug_macro   0x00000000      0x1dd ./Core/Src/gpio.o
 .debug_macro   0x000001dd      0xab4 ./Core/Src/gpio.o
 .debug_macro   0x00000c91      0x29b ./Core/Src/gpio.o
 .debug_macro   0x00000f2c       0x2e ./Core/Src/gpio.o
 .debug_macro   0x00000f5a       0x28 ./Core/Src/gpio.o
 .debug_macro   0x00000f82       0x22 ./Core/Src/gpio.o
 .debug_macro   0x00000fa4       0x8e ./Core/Src/gpio.o
 .debug_macro   0x00001032       0x51 ./Core/Src/gpio.o
 .debug_macro   0x00001083      0x103 ./Core/Src/gpio.o
 .debug_macro   0x00001186       0x6a ./Core/Src/gpio.o
 .debug_macro   0x000011f0      0x1df ./Core/Src/gpio.o
 .debug_macro   0x000013cf       0x1c ./Core/Src/gpio.o
 .debug_macro   0x000013eb       0x22 ./Core/Src/gpio.o
 .debug_macro   0x0000140d       0xfb ./Core/Src/gpio.o
 .debug_macro   0x00001508     0x1011 ./Core/Src/gpio.o
 .debug_macro   0x00002519      0x11f ./Core/Src/gpio.o
 .debug_macro   0x00002638    0x1469c ./Core/Src/gpio.o
 .debug_macro   0x00016cd4       0x6d ./Core/Src/gpio.o
 .debug_macro   0x00016d41     0x369a ./Core/Src/gpio.o
 .debug_macro   0x0001a3db      0x189 ./Core/Src/gpio.o
 .debug_macro   0x0001a564       0x5c ./Core/Src/gpio.o
 .debug_macro   0x0001a5c0      0x902 ./Core/Src/gpio.o
 .debug_macro   0x0001aec2      0x9e9 ./Core/Src/gpio.o
 .debug_macro   0x0001b8ab      0x115 ./Core/Src/gpio.o
 .debug_macro   0x0001b9c0      0x192 ./Core/Src/gpio.o
 .debug_macro   0x0001bb52       0xa5 ./Core/Src/gpio.o
 .debug_macro   0x0001bbf7      0x158 ./Core/Src/gpio.o
 .debug_macro   0x0001bd4f      0x287 ./Core/Src/gpio.o
 .debug_macro   0x0001bfd6       0x5f ./Core/Src/gpio.o
 .debug_macro   0x0001c035      0x236 ./Core/Src/gpio.o
 .debug_macro   0x0001c26b      0x132 ./Core/Src/gpio.o
 .debug_macro   0x0001c39d      0x29c ./Core/Src/gpio.o
 .debug_macro   0x0001c639       0x2e ./Core/Src/gpio.o
 .debug_macro   0x0001c667      0x127 ./Core/Src/gpio.o
 .debug_macro   0x0001c78e       0x91 ./Core/Src/gpio.o
 .debug_macro   0x0001c81f       0x89 ./Core/Src/gpio.o
 .debug_macro   0x0001c8a8      0x225 ./Core/Src/gpio.o
 .debug_macro   0x0001cacd      0x2aa ./Core/Src/gpio.o
 .debug_macro   0x0001cd77      0x126 ./Core/Src/gpio.o
 .debug_macro   0x0001ce9d       0x28 ./Core/Src/gpio.o
 .debug_macro   0x0001cec5      0x211 ./Core/Src/main.o
 .debug_macro   0x0001d0d6       0x22 ./Core/Src/main.o
 .debug_macro   0x0001d0f8      0x168 ./Core/Src/main.o
 .debug_macro   0x0001d260      0x1f5 ./Core/Src/nrf24l01p.o
 .debug_macro   0x0001d455      0x1dd ./Core/Src/spi.o
 .debug_macro   0x0001d632      0x1d3 ./Core/Src/stm32f4xx_hal_msp.o
 .debug_macro   0x0001d805      0x1dd ./Core/Src/stm32f4xx_it.o
 .debug_macro   0x0001d9e2      0x1c4 ./Core/Src/system_stm32f4xx.o
 .debug_macro   0x0001dba6      0x1dd ./Core/Src/usart.o
 .debug_macro   0x0001dd83      0x224 ./Drivers/STM32F4xx_HAL_Driver/Src/stm32f4xx_hal.o
 .debug_macro   0x0001dfa7      0x1c4 ./Drivers/STM32F4xx_HAL_Driver/Src/stm32f4xx_hal_cortex.o
 .debug_macro   0x0001e16b      0x1ca ./Drivers/STM32F4xx_HAL_Driver/Src/stm32f4xx_hal_dma.o
 .debug_macro   0x0001e335      0x1ca ./Drivers/STM32F4xx_HAL_Driver/Src/stm32f4xx_hal_gpio.o
 .debug_macro   0x0001e4ff      0x1e8 ./Drivers/STM32F4xx_HAL_Driver/Src/stm32f4xx_hal_rcc.o
 .debug_macro   0x0001e6e7      0x1c4 ./Drivers/STM32F4xx_HAL_Driver/Src/stm32f4xx_hal_rcc_ex.o
 .debug_macro   0x0001e8ab      0x1d3 ./Drivers/STM32F4xx_HAL_Driver/Src/stm32f4xx_hal_spi.o
 .debug_macro   0x0001ea7e      0x1c5 ./Drivers/STM32F4xx_HAL_Driver/Src/stm32f4xx_hal_uart.o

.debug_line     0x00000000     0xd8d6
 .debug_line    0x00000000      0x768 ./Core/Src/gpio.o
 .debug_line    0x00000768      0x816 ./Core/Src/main.o
 .debug_line    0x00000f7e      0xb8f ./Core/Src/nrf24l01p.o
 .debug_line    0x00001b0d      0x82e ./Core/Src/spi.o
 .debug_line    0x0000233b      0x735 ./Core/Src/stm32f4xx_hal_msp.o
 .debug_line    0x00002a70      0x827 ./Core/Src/stm32f4xx_it.o
 .debug_line    0x00003297      0x7b9 ./Core/Src/system_stm32f4xx.o
 .debug_line    0x00003a50      0x7a1 ./Core/Src/usart.o
 .debug_line    0x000041f1       0x7a ./Core/Startup/startup_stm32f412retx.o
 .debug_line    0x0000426b      0xa22 ./Drivers/STM32F4xx_HAL_Driver/Src/stm32f4xx_hal.o
 .debug_line    0x00004c8d      0xd14 ./Drivers/STM32F4xx_HAL_Driver/Src/stm32f4xx_hal_cortex.o
 .debug_line    0x000059a1      0xf92 ./Drivers/STM32F4xx_HAL_Driver/Src/stm32f4xx_hal_dma.o
 .debug_line    0x00006933      0xb5e ./Drivers/STM32F4xx_HAL_Driver/Src/stm32f4xx_hal_gpio.o
 .debug_line    0x00007491      0xdb9 ./Drivers/STM32F4xx_HAL_Driver/Src/stm32f4xx_hal_rcc.o
 .debug_line    0x0000824a     0x1058 ./Drivers/STM32F4xx_HAL_Driver/Src/stm32f4xx_hal_rcc_ex.o
 .debug_line    0x000092a2     0x1d40 ./Drivers/STM32F4xx_HAL_Driver/Src/stm32f4xx_hal_spi.o
 .debug_line    0x0000afe2     0x28f4 ./Drivers/STM32F4xx_HAL_Driver/Src/stm32f4xx_hal_uart.o

.debug_str      0x00000000    0xb86c0
 .debug_str     0x00000000    0xb53ac ./Core/Src/gpio.o
                              0xb5657 (size before relaxing)
 .debug_str     0x000b53ac      0xd81 ./Core/Src/main.o
                              0xb5f08 (size before relaxing)
 .debug_str     0x000b612d      0x59a ./Core/Src/nrf24l01p.o
                              0xb5fd4 (size before relaxing)
 .debug_str     0x000b66c7       0x5b ./Core/Src/spi.o
                              0xb55fc (size before relaxing)
 .debug_str     0x000b6722       0x2c ./Core/Src/stm32f4xx_hal_msp.o
                              0xb5092 (size before relaxing)
 .debug_str     0x000b674e      0x119 ./Core/Src/stm32f4xx_it.o
                              0xb54ce (size before relaxing)
 .debug_str     0x000b6867       0xdb ./Core/Src/system_stm32f4xx.o
                              0xb50cd (size before relaxing)
 .debug_str     0x000b6942       0x65 ./Core/Src/usart.o
                              0xb5b28 (size before relaxing)
 .debug_str     0x000b69a7       0x44 ./Core/Startup/startup_stm32f412retx.o
                                 0x99 (size before relaxing)
 .debug_str     0x000b69eb      0x603 ./Drivers/STM32F4xx_HAL_Driver/Src/stm32f4xx_hal.o
                              0xb5c2b (size before relaxing)
 .debug_str     0x000b6fee      0x36b ./Drivers/STM32F4xx_HAL_Driver/Src/stm32f4xx_hal_cortex.o
                              0xb5983 (size before relaxing)
 .debug_str     0x000b7359      0x31a ./Drivers/STM32F4xx_HAL_Driver/Src/stm32f4xx_hal_dma.o
                              0xb54c3 (size before relaxing)
 .debug_str     0x000b7673       0xc4 ./Drivers/STM32F4xx_HAL_Driver/Src/stm32f4xx_hal_gpio.o
                              0xb524e (size before relaxing)
 .debug_str     0x000b7737      0x233 ./Drivers/STM32F4xx_HAL_Driver/Src/stm32f4xx_hal_rcc.o
                              0xb5506 (size before relaxing)
 .debug_str     0x000b796a      0x235 ./Drivers/STM32F4xx_HAL_Driver/Src/stm32f4xx_hal_rcc_ex.o
                              0xb5406 (size before relaxing)
 .debug_str     0x000b7b9f      0x533 ./Drivers/STM32F4xx_HAL_Driver/Src/stm32f4xx_hal_spi.o
                              0xb5967 (size before relaxing)
 .debug_str     0x000b80d2      0x5ee ./Drivers/STM32F4xx_HAL_Driver/Src/stm32f4xx_hal_uart.o
                              0xb5abe (size before relaxing)

.comment        0x00000000       0x43
 .comment       0x00000000       0x43 ./Core/Src/gpio.o
                                 0x44 (size before relaxing)
 .comment       0x00000043       0x44 ./Core/Src/main.o
 .comment       0x00000043       0x44 ./Core/Src/nrf24l01p.o
 .comment       0x00000043       0x44 ./Core/Src/spi.o
 .comment       0x00000043       0x44 ./Core/Src/stm32f4xx_hal_msp.o
 .comment       0x00000043       0x44 ./Core/Src/stm32f4xx_it.o
 .comment       0x00000043       0x44 ./Core/Src/system_stm32f4xx.o
 .comment       0x00000043       0x44 ./Core/Src/usart.o
 .comment       0x00000043       0x44 ./Drivers/STM32F4xx_HAL_Driver/Src/stm32f4xx_hal.o
 .comment       0x00000043       0x44 ./Drivers/STM32F4xx_HAL_Driver/Src/stm32f4xx_hal_cortex.o
 .comment       0x00000043       0x44 ./Drivers/STM32F4xx_HAL_Driver/Src/stm32f4xx_hal_dma.o
 .comment       0x00000043       0x44 ./Drivers/STM32F4xx_HAL_Driver/Src/stm32f4xx_hal_gpio.o
 .comment       0x00000043       0x44 ./Drivers/STM32F4xx_HAL_Driver/Src/stm32f4xx_hal_rcc.o
 .comment       0x00000043       0x44 ./Drivers/STM32F4xx_HAL_Driver/Src/stm32f4xx_hal_rcc_ex.o
 .comment       0x00000043       0x44 ./Drivers/STM32F4xx_HAL_Driver/Src/stm32f4xx_hal_spi.o
 .comment       0x00000043       0x44 ./Drivers/STM32F4xx_HAL_Driver/Src/stm32f4xx_hal_uart.o

.debug_frame    0x00000000     0x29dc
 .debug_frame   0x00000000       0x34 ./Core/Src/gpio.o
 .debug_frame   0x00000034       0x8c ./Core/Src/main.o
 .debug_frame   0x000000c0      0x4ac ./Core/Src/nrf24l01p.o
 .debug_frame   0x0000056c       0x90 ./Core/Src/spi.o
 .debug_frame   0x000005fc       0x38 ./Core/Src/stm32f4xx_hal_msp.o
 .debug_frame   0x00000634      0x13c ./Core/Src/stm32f4xx_it.o
 .debug_frame   0x00000770       0x58 ./Core/Src/system_stm32f4xx.o
 .debug_frame   0x000007c8       0x74 ./Core/Src/usart.o
 .debug_frame   0x0000083c      0x374 ./Drivers/STM32F4xx_HAL_Driver/Src/stm32f4xx_hal.o
 .debug_frame   0x00000bb0      0x508 ./Drivers/STM32F4xx_HAL_Driver/Src/stm32f4xx_hal_cortex.o
 .debug_frame   0x000010b8      0x250 ./Drivers/STM32F4xx_HAL_Driver/Src/stm32f4xx_hal_dma.o
 .debug_frame   0x00001308      0x14c ./Drivers/STM32F4xx_HAL_Driver/Src/stm32f4xx_hal_gpio.o
 .debug_frame   0x00001454      0x1f4 ./Drivers/STM32F4xx_HAL_Driver/Src/stm32f4xx_hal_rcc.o
 .debug_frame   0x00001648      0x16c ./Drivers/STM32F4xx_HAL_Driver/Src/stm32f4xx_hal_rcc_ex.o
 .debug_frame   0x000017b4      0x828 ./Drivers/STM32F4xx_HAL_Driver/Src/stm32f4xx_hal_spi.o
 .debug_frame   0x00001fdc      0x954 ./Drivers/STM32F4xx_HAL_Driver/Src/stm32f4xx_hal_uart.o
 .debug_frame   0x00002930       0x20 D:/ST/STM32CubeIDE_1.16.0/STM32CubeIDE/plugins/com.st.stm32cube.ide.mcu.externaltools.gnu-tools-for-stm32.12.3.rel1.win32_1.0.200.202406191623/tools/bin/../lib/gcc/arm-none-eabi/12.3.1/../../../../arm-none-eabi/lib/thumb/v7e-m+fp/hard\libc_nano.a(libc_a-memset.o)
 .debug_frame   0x00002950       0x2c D:/ST/STM32CubeIDE_1.16.0/STM32CubeIDE/plugins/com.st.stm32cube.ide.mcu.externaltools.gnu-tools-for-stm32.12.3.rel1.win32_1.0.200.202406191623/tools/bin/../lib/gcc/arm-none-eabi/12.3.1/../../../../arm-none-eabi/lib/thumb/v7e-m+fp/hard\libc_nano.a(libc_a-init.o)
 .debug_frame   0x0000297c       0x2c D:/ST/STM32CubeIDE_1.16.0/STM32CubeIDE/plugins/com.st.stm32cube.ide.mcu.externaltools.gnu-tools-for-stm32.12.3.rel1.win32_1.0.200.202406191623/tools/bin/../lib/gcc/arm-none-eabi/12.3.1/thumb/v7e-m+fp/hard\libgcc.a(_aeabi_uldivmod.o)
 .debug_frame   0x000029a8       0x34 D:/ST/STM32CubeIDE_1.16.0/STM32CubeIDE/plugins/com.st.stm32cube.ide.mcu.externaltools.gnu-tools-for-stm32.12.3.rel1.win32_1.0.200.202406191623/tools/bin/../lib/gcc/arm-none-eabi/12.3.1/thumb/v7e-m+fp/hard\libgcc.a(_udivmoddi4.o)

.debug_line_str
                0x00000000       0x7d
 .debug_line_str
                0x00000000       0x7d ./Core/Startup/startup_stm32f412retx.o
