../Core/Src/nrf24l01p.c:25:6:switch_spi	16	static
../Core/Src/nrf24l01p.c:56:13:cs_high	8	static
../Core/Src/nrf24l01p.c:61:13:cs_low	8	static
../Core/Src/nrf24l01p.c:66:13:ce_high	8	static
../Core/Src/nrf24l01p.c:71:13:ce_low	8	static
../Core/Src/nrf24l01p.c:76:16:read_register	32	static
../Core/Src/nrf24l01p.c:90:16:write_register	32	static
../Core/Src/nrf24l01p.c:106:6:nrf24l01p_rx_init	16	static
../Core/Src/nrf24l01p.c:130:6:nrf24l01p_tx_init	16	static
../Core/Src/nrf24l01p.c:152:6:nrf24l01p_rx_receive	16	static
../Core/Src/nrf24l01p.c:162:6:nrf24l01p_tx_transmit	16	static
../Core/Src/nrf24l01p.c:168:6:nrf24l01p_tx_irq	24	static
../Core/Src/nrf24l01p.c:191:6:nrf24l01p_reset	8	static
../Core/Src/nrf24l01p.c:222:6:nrf24l01p_prx_mode	16	static
../Core/Src/nrf24l01p.c:230:6:nrf24l01p_ptx_mode	16	static
../Core/Src/nrf24l01p.c:238:9:nrf24l01p_read_rx_fifo	32	static
../Core/Src/nrf24l01p.c:251:9:nrf24l01p_write_tx_fifo	32	static
../Core/Src/nrf24l01p.c:264:6:nrf24l01p_flush_rx_fifo	24	static
../Core/Src/nrf24l01p.c:274:6:nrf24l01p_flush_tx_fifo	24	static
../Core/Src/nrf24l01p.c:284:9:nrf24l01p_get_status	24	static
../Core/Src/nrf24l01p.c:296:9:nrf24l01p_get_fifo_status	8	static
../Core/Src/nrf24l01p.c:301:6:nrf24l01p_rx_set_payload_widths	16	static
../Core/Src/nrf24l01p.c:306:6:nrf24l01p_clear_rx_dr	16	static
../Core/Src/nrf24l01p.c:314:6:nrf24l01p_clear_tx_ds	16	static
../Core/Src/nrf24l01p.c:322:6:nrf24l01p_clear_max_rt	16	static
../Core/Src/nrf24l01p.c:330:6:nrf24l01p_power_up	16	static
../Core/Src/nrf24l01p.c:338:6:nrf24l01p_power_down	16	static
../Core/Src/nrf24l01p.c:346:6:nrf24l01p_set_crc_length	24	static
../Core/Src/nrf24l01p.c:365:6:nrf24l01p_set_address_widths	16	static
../Core/Src/nrf24l01p.c:370:6:nrf24l01p_auto_retransmit_count	24	static
../Core/Src/nrf24l01p.c:380:6:nrf24l01p_auto_retransmit_delay	24	static
../Core/Src/nrf24l01p.c:390:6:nrf24l01p_set_rf_channel	24	static
../Core/Src/nrf24l01p.c:396:6:nrf24l01p_set_rf_tx_output_power	24	static
../Core/Src/nrf24l01p.c:404:6:nrf24l01p_set_rf_air_data_rate	24	static
